Component: ARM Compiler 5.05 update 1 (build 106) Tool: armlink [4d0efa]

==============================================================================

Section Cross References

    startup_stm32f407xx.o(RESET) refers to startup_stm32f407xx.o(STACK) for __initial_sp
    startup_stm32f407xx.o(RESET) refers to startup_stm32f407xx.o(.text) for Reset_Handler
    startup_stm32f407xx.o(RESET) refers to stm32f4xx_it.o(i.NMI_Handler) for NMI_Handler
    startup_stm32f407xx.o(RESET) refers to stm32f4xx_it.o(i.HardFault_Handler) for HardFault_Handler
    startup_stm32f407xx.o(RESET) refers to stm32f4xx_it.o(i.MemManage_Handler) for MemManage_Handler
    startup_stm32f407xx.o(RESET) refers to stm32f4xx_it.o(i.BusFault_Handler) for BusFault_Handler
    startup_stm32f407xx.o(RESET) refers to stm32f4xx_it.o(i.UsageFault_Handler) for UsageFault_Handler
    startup_stm32f407xx.o(RESET) refers to stm32f4xx_it.o(i.SVC_Handler) for SVC_Handler
    startup_stm32f407xx.o(RESET) refers to stm32f4xx_it.o(i.DebugMon_Handler) for DebugMon_Handler
    startup_stm32f407xx.o(RESET) refers to stm32f4xx_it.o(i.PendSV_Handler) for PendSV_Handler
    startup_stm32f407xx.o(RESET) refers to stm32f4xx_it.o(i.SysTick_Handler) for SysTick_Handler
    startup_stm32f407xx.o(RESET) refers to stm32f4xx_it.o(i.DMA1_Stream5_IRQHandler) for DMA1_Stream5_IRQHandler
    startup_stm32f407xx.o(RESET) refers to stm32f4xx_it.o(i.DMA1_Stream6_IRQHandler) for DMA1_Stream6_IRQHandler
    startup_stm32f407xx.o(RESET) refers to stm32f4xx_it.o(i.TIM1_BRK_TIM9_IRQHandler) for TIM1_BRK_TIM9_IRQHandler
    startup_stm32f407xx.o(RESET) refers to stm32f4xx_it.o(i.USART2_IRQHandler) for USART2_IRQHandler
    startup_stm32f407xx.o(.text) refers to system_stm32f4xx.o(i.SystemInit) for SystemInit
    startup_stm32f407xx.o(.text) refers to entry.o(.ARM.Collect$$$$00000000) for __main
    motor.o(i.Left_Moto) refers to stm32f4xx_hal_gpio.o(i.HAL_GPIO_WritePin) for HAL_GPIO_WritePin
    motor.o(i.Right_Moto) refers to stm32f4xx_hal_gpio.o(i.HAL_GPIO_WritePin) for HAL_GPIO_WritePin
    motor.o(i.car_go_after) refers to stm32f4xx_hal_gpio.o(i.HAL_GPIO_WritePin) for HAL_GPIO_WritePin
    motor.o(i.car_go_ahead) refers to stm32f4xx_hal_gpio.o(i.HAL_GPIO_WritePin) for HAL_GPIO_WritePin
    motor.o(i.car_go_left) refers to stm32f4xx_hal_gpio.o(i.HAL_GPIO_WritePin) for HAL_GPIO_WritePin
    motor.o(i.car_go_right) refers to stm32f4xx_hal_gpio.o(i.HAL_GPIO_WritePin) for HAL_GPIO_WritePin
    motor.o(i.car_go_straight) refers to stm32f4xx_hal_gpio.o(i.HAL_GPIO_WritePin) for HAL_GPIO_WritePin
    encoder.o(i.GetTimEncoder_left) refers to tim.o(.bss) for htim3
    encoder.o(i.GetTimEncoder_left) refers to encoder.o(.data) for .data
    encoder.o(i.GetTimEncoder_right) refers to tim.o(.bss) for htim2
    encoder.o(i.GetTimEncoder_right) refers to encoder.o(.data) for .data
    control.o(i.Control_function_left) refers to dflti.o(.text) for __aeabi_i2d
    control.o(i.Control_function_left) refers to dmul.o(.text) for __aeabi_dmul
    control.o(i.Control_function_left) refers to ddiv.o(.text) for __aeabi_ddiv
    control.o(i.Control_function_left) refers to dfixi.o(.text) for __aeabi_d2iz
    control.o(i.Control_function_left) refers to control.o(i.Incremental_PI_left) for Incremental_PI_left
    control.o(i.Control_function_left) refers to control.o(i.limiting_Pwm_left) for limiting_Pwm_left
    control.o(i.Control_function_left) refers to control.o(i.Set_Pwm_left) for Set_Pwm_left
    control.o(i.Control_function_left) refers to main.o(.data) for target_rpm_left
    control.o(i.Control_function_left) refers to main.o(.data) for Target_Velocity_left
    control.o(i.Control_function_left) refers to main.o(.data) for Encoder_count_left
    control.o(i.Control_function_left) refers to main.o(.data) for Moto_pwm_left
    control.o(i.Control_function_right) refers to dflti.o(.text) for __aeabi_i2d
    control.o(i.Control_function_right) refers to dmul.o(.text) for __aeabi_dmul
    control.o(i.Control_function_right) refers to ddiv.o(.text) for __aeabi_ddiv
    control.o(i.Control_function_right) refers to dfixi.o(.text) for __aeabi_d2iz
    control.o(i.Control_function_right) refers to control.o(i.Incremental_PI_right) for Incremental_PI_right
    control.o(i.Control_function_right) refers to control.o(i.limiting_Pwm_right) for limiting_Pwm_right
    control.o(i.Control_function_right) refers to control.o(i.Set_Pwm_right) for Set_Pwm_right
    control.o(i.Control_function_right) refers to main.o(.data) for target_rpm_right
    control.o(i.Control_function_right) refers to main.o(.data) for Target_Velocity_right
    control.o(i.Control_function_right) refers to main.o(.data) for Encoder_count_right
    control.o(i.Control_function_right) refers to main.o(.data) for Moto_pwm_right
    control.o(i.Incremental_PI_left) refers to control.o(i.limiting_I_left) for limiting_I_left
[...]
    Removing stm32f4xx_hal_uart.o(.revsh_text), (4 bytes).
    Removing stm32f4xx_hal_uart.o(.rrx_text), (6 bytes).
    Removing stm32f4xx_hal_uart.o(i.HAL_HalfDuplex_EnableReceiver), (50 bytes).
    Removing stm32f4xx_hal_uart.o(i.HAL_HalfDuplex_EnableTransmitter), (50 bytes).
    Removing stm32f4xx_hal_uart.o(i.HAL_HalfDuplex_Init), (108 bytes).
    Removing stm32f4xx_hal_uart.o(i.HAL_LIN_Init), (128 bytes).
    Removing stm32f4xx_hal_uart.o(i.HAL_LIN_SendBreak), (60 bytes).
    Removing stm32f4xx_hal_uart.o(i.HAL_MultiProcessor_EnterMuteMode), (60 bytes).
    Removing stm32f4xx_hal_uart.o(i.HAL_MultiProcessor_ExitMuteMode), (60 bytes).
    Removing stm32f4xx_hal_uart.o(i.HAL_MultiProcessor_Init), (142 bytes).
    Removing stm32f4xx_hal_uart.o(i.HAL_UARTEx_ReceiveToIdle), (254 bytes).
    Removing stm32f4xx_hal_uart.o(i.HAL_UARTEx_ReceiveToIdle_DMA), (86 bytes).
    Removing stm32f4xx_hal_uart.o(i.HAL_UARTEx_ReceiveToIdle_IT), (86 bytes).
    Removing stm32f4xx_hal_uart.o(i.HAL_UART_Abort), (210 bytes).
    Removing stm32f4xx_hal_uart.o(i.HAL_UART_AbortCpltCallback), (2 bytes).
    Removing stm32f4xx_hal_uart.o(i.HAL_UART_AbortReceive), (148 bytes).
    Removing stm32f4xx_hal_uart.o(i.HAL_UART_AbortReceiveCpltCallback), (2 bytes).
    Removing stm32f4xx_hal_uart.o(i.HAL_UART_AbortReceive_IT), (152 bytes).
    Removing stm32f4xx_hal_uart.o(i.HAL_UART_AbortTransmit), (98 bytes).
    Removing stm32f4xx_hal_uart.o(i.HAL_UART_AbortTransmitCpltCallback), (2 bytes).
    Removing stm32f4xx_hal_uart.o(i.HAL_UART_AbortTransmit_IT), (104 bytes).
    Removing stm32f4xx_hal_uart.o(i.HAL_UART_Abort_IT), (244 bytes).
    Removing stm32f4xx_hal_uart.o(i.HAL_UART_DMAPause), (146 bytes).
    Removing stm32f4xx_hal_uart.o(i.HAL_UART_DMAResume), (136 bytes).
    Removing stm32f4xx_hal_uart.o(i.HAL_UART_DMAStop), (112 bytes).
    Removing stm32f4xx_hal_uart.o(i.HAL_UART_DeInit), (52 bytes).
    Removing stm32f4xx_hal_uart.o(i.HAL_UART_GetError), (4 bytes).
    Removing stm32f4xx_hal_uart.o(i.HAL_UART_GetState), (10 bytes).
    Removing stm32f4xx_hal_uart.o(i.HAL_UART_MspDeInit), (2 bytes).
    Removing stm32f4xx_hal_uart.o(i.HAL_UART_MspInit), (2 bytes).
    Removing stm32f4xx_hal_uart.o(i.HAL_UART_Receive), (192 bytes).
    Removing stm32f4xx_hal_uart.o(i.HAL_UART_Receive_IT), (42 bytes).
    Removing stm32f4xx_hal_uart.o(i.HAL_UART_Transmit_DMA), (140 bytes).
    Removing stm32f4xx_hal_uart.o(i.HAL_UART_Transmit_IT), (62 bytes).
    Removing stm32f4xx_hal_uart.o(i.HAL_UART_TxHalfCpltCallback), (2 bytes).
    Removing stm32f4xx_hal_uart.o(i.UART_DMARxAbortCallback), (44 bytes).
    Removing stm32f4xx_hal_uart.o(i.UART_DMARxOnlyAbortCallback), (22 bytes).
    Removing stm32f4xx_hal_uart.o(i.UART_DMATransmitCplt), (66 bytes).
    Removing stm32f4xx_hal_uart.o(i.UART_DMATxAbortCallback), (44 bytes).
    Removing stm32f4xx_hal_uart.o(i.UART_DMATxHalfCplt), (10 bytes).
    Removing stm32f4xx_hal_uart.o(i.UART_DMATxOnlyAbortCallback), (20 bytes).
    Removing stm32f4xx_hal_uart.o(i.UART_Start_Receive_IT), (54 bytes).
    Removing system_stm32f4xx.o(.rev16_text), (4 bytes).
    Removing system_stm32f4xx.o(.revsh_text), (4 bytes).
    Removing system_stm32f4xx.o(.rrx_text), (6 bytes).
    Removing system_stm32f4xx.o(i.SystemCoreClockUpdate), (120 bytes).
    Removing dfixul.o(.text), (48 bytes).
    Removing cdrcmple.o(.text), (48 bytes).

397 unused section(s) (total 28100 bytes) removed from the image.

==============================================================================

Image Symbol Table

    Local Symbols

    Symbol Name                              Value     Ov Type        Size  Object(Section)

    ../Core/Src/dma.c                        0x00000000   Number         0  dma.o ABSOLUTE
    ../Core/Src/gpio.c                       0x00000000   Number         0  gpio.o ABSOLUTE
    ../Core/Src/main.c                       0x00000000   Number         0  main.o ABSOLUTE
    ../Core/Src/stm32f4xx_hal_msp.c          0x00000000   Number         0  stm32f4xx_hal_msp.o ABSOLUTE
    ../Core/Src/stm32f4xx_it.c               0x00000000   Number         0  stm32f4xx_it.o ABSOLUTE
    ../Core/Src/system_stm32f4xx.c           0x00000000   Number         0  system_stm32f4xx.o ABSOLUTE
    ../Core/Src/tim.c                        0x00000000   Number         0  tim.o ABSOLUTE
    ../Core/Src/usart.c                      0x00000000   Number         0  usart.o ABSOLUTE
    ../Drivers/STM32F4xx_HAL_Driver/Src/stm32f4xx_hal.c 0x00000000   Number         0  stm32f4xx_hal.o ABSOLUTE
    ../Drivers/STM32F4xx_HAL_Driver/Src/stm32f4xx_hal_cortex.c 0x00000000   Number         0  stm32f4xx_hal_cortex.o ABSOLUTE
    ../Drivers/STM32F4xx_HAL_Driver/Src/stm32f4xx_hal_dma.c 0x00000000   Number         0  stm32f4xx_hal_dma.o ABSOLUTE
    ../Drivers/STM32F4xx_HAL_Driver/Src/stm32f4xx_hal_dma_ex.c 0x00000000   Number         0  stm32f4xx_hal_dma_ex.o ABSOLUTE
    ../Drivers/STM32F4xx_HAL_Driver/Src/stm32f4xx_hal_exti.c 0x00000000   Number         0  stm32f4xx_hal_exti.o ABSOLUTE
    ../Drivers/STM32F4xx_HAL_Driver/Src/stm32f4xx_hal_flash.c 0x00000000   Number         0  stm32f4xx_hal_flash.o ABSOLUTE
    ../Drivers/STM32F4xx_HAL_Driver/Src/stm32f4xx_hal_flash_ex.c 0x00000000   Number         0  stm32f4xx_hal_flash_ex.o ABSOLUTE
    ../Drivers/STM32F4xx_HAL_Driver/Src/stm32f4xx_hal_flash_ramfunc.c 0x00000000   Number         0  stm32f4xx_hal_flash_ramfunc.o ABSOLUTE
    ../Drivers/STM32F4xx_HAL_Driver/Src/stm32f4xx_hal_gpio.c 0x00000000   Number         0  stm32f4xx_hal_gpio.o ABSOLUTE
    ../Drivers/STM32F4xx_HAL_Driver/Src/stm32f4xx_hal_pwr.c 0x00000000   Number         0  stm32f4xx_hal_pwr.o ABSOLUTE
    ../Drivers/STM32F4xx_HAL_Driver/Src/stm32f4xx_hal_pwr_ex.c 0x00000000   Number         0  stm32f4xx_hal_pwr_ex.o ABSOLUTE
    ../Drivers/STM32F4xx_HAL_Driver/Src/stm32f4xx_hal_rcc.c 0x00000000   Number         0  stm32f4xx_hal_rcc.o ABSOLUTE
    ../Drivers/STM32F4xx_HAL_Driver/Src/stm32f4xx_hal_rcc_ex.c 0x00000000   Number         0  stm32f4xx_hal_rcc_ex.o ABSOLUTE
    ../Drivers/STM32F4xx_HAL_Driver/Src/stm32f4xx_hal_tim.c 0x00000000   Number         0  stm32f4xx_hal_tim.o ABSOLUTE
    ../Drivers/STM32F4xx_HAL_Driver/Src/stm32f4xx_hal_tim_ex.c 0x00000000   Number         0  stm32f4xx_hal_tim_ex.o ABSOLUTE
    ../Drivers/STM32F4xx_HAL_Driver/Src/stm32f4xx_hal_uart.c 0x00000000   Number         0  stm32f4xx_hal_uart.o ABSOLUTE
    ../clib/microlib/division.c              0x00000000   Number         0  uldiv.o ABSOLUTE
    ../clib/microlib/division.c              0x00000000   Number         0  uidiv.o ABSOLUTE
    ../clib/microlib/init/entry.s            0x00000000   Number         0  entry8a.o ABSOLUTE
    ../clib/microlib/init/entry.s            0x00000000   Number         0  entry7b.o ABSOLUTE
    ../clib/microlib/init/entry.s            0x00000000   Number         0  entry5.o ABSOLUTE
    ../clib/microlib/init/entry.s            0x00000000   Number         0  entry2.o ABSOLUTE
    ../clib/microlib/init/entry.s            0x00000000   Number         0  entry.o ABSOLUTE
    ../clib/microlib/init/entry.s            0x00000000   Number         0  entry7a.o ABSOLUTE
    ../clib/microlib/init/entry.s            0x00000000   Number         0  entry8b.o ABSOLUTE
    ../clib/microlib/init/entry.s            0x00000000   Number         0  entry11a.o ABSOLUTE
    ../clib/microlib/init/entry.s            0x00000000   Number         0  entry10b.o ABSOLUTE
    ../clib/microlib/init/entry.s            0x00000000   Number         0  entry10a.o ABSOLUTE
    ../clib/microlib/init/entry.s            0x00000000   Number         0  entry9b.o ABSOLUTE
    ../clib/microlib/init/entry.s            0x00000000   Number         0  entry9a.o ABSOLUTE
    ../clib/microlib/init/entry.s            0x00000000   Number         0  entry11b.o ABSOLUTE
    ../clib/microlib/longlong.c              0x00000000   Number         0  llsshr.o ABSOLUTE
    ../clib/microlib/longlong.c              0x00000000   Number         0  llushr.o ABSOLUTE
    ../clib/microlib/longlong.c              0x00000000   Number         0  llshl.o ABSOLUTE
    ../clib/microlib/printf/printf.c         0x00000000   Number         0  printf5.o ABSOLUTE
    ../clib/microlib/printf/printf.c         0x00000000   Number         0  printf4.o ABSOLUTE
    ../clib/microlib/printf/printf.c         0x00000000   Number         0  printf3.o ABSOLUTE
    ../clib/microlib/printf/printf.c         0x00000000   Number         0  printf1.o ABSOLUTE
    ../clib/microlib/printf/printf.c         0x00000000   Number         0  printf0.o ABSOLUTE
    ../clib/microlib/printf/printf.c         0x00000000   Number         0  printfb.o ABSOLUTE
    ../clib/microlib/printf/printf.c         0x00000000   Number         0  printf6.o ABSOLUTE
    ../clib/microlib/printf/printf.c         0x00000000   Number         0  printf2.o ABSOLUTE
    ../clib/microlib/printf/printf.c         0x00000000   Number         0  printfa.o ABSOLUTE
    ../clib/microlib/printf/printf.c         0x00000000   Number         0  printf8.o ABSOLUTE
    ../clib/microlib/printf/printf.c         0x00000000   Number         0  printf7.o ABSOLUTE
    ../clib/microlib/printf/stubs.s          0x00000000   Number         0  stubs.o ABSOLUTE
    ../clib/microlib/string/memset.c         0x00000000   Number         0  memseta.o ABSOLUTE
    ../clib/microlib/stubs.s                 0x00000000   Number         0  useno.o ABSOLUTE
    ../clib/microlib/stubs.s                 0x00000000   Number         0  iusefp.o ABSOLUTE
    ../fplib/microlib/fpadd.c                0x00000000   Number         0  dadd.o ABSOLUTE
    ../fplib/microlib/fpdiv.c                0x00000000   Number         0  ddiv.o ABSOLUTE
    ../fplib/microlib/fpepilogue.c           0x00000000   Number         0  depilogue.o ABSOLUTE
    ../fplib/microlib/fpfix.c                0x00000000   Number         0  dfixul.o ABSOLUTE
    ../fplib/microlib/fpfix.c                0x00000000   Number         0  dfixi.o ABSOLUTE
    ../fplib/microlib/fpflt.c                0x00000000   Number         0  dfltui.o ABSOLUTE
    ../fplib/microlib/fpflt.c                0x00000000   Number         0  dflti.o ABSOLUTE
    ../fplib/microlib/fpmul.c                0x00000000   Number         0  dmul.o ABSOLUTE
    ..\Core\Src\control.c                    0x00000000   Number         0  control.o ABSOLUTE
    ..\Core\Src\dma.c                        0x00000000   Number         0  dma.o ABSOLUTE
    ..\Core\Src\encoder.c                    0x00000000   Number         0  encoder.o ABSOLUTE
    ..\Core\Src\gpio.c                       0x00000000   Number         0  gpio.o ABSOLUTE
    ..\Core\Src\main.c                       0x00000000   Number         0  main.o ABSOLUTE
    ..\Core\Src\motor.c                      0x00000000   Number         0  motor.o ABSOLUTE
    ..\Core\Src\stm32f4xx_hal_msp.c          0x00000000   Number         0  stm32f4xx_hal_msp.o ABSOLUTE
    ..\Core\Src\stm32f4xx_it.c               0x00000000   Number         0  stm32f4xx_it.o ABSOLUTE
    ..\Core\Src\system_stm32f4xx.c           0x00000000   Number         0  system_stm32f4xx.o ABSOLUTE
    ..\Core\Src\tim.c                        0x00000000   Number         0  tim.o ABSOLUTE
    ..\Core\Src\usart.c                      0x00000000   Number         0  usart.o ABSOLUTE
    ..\Drivers\STM32F4xx_HAL_Driver\Src\stm32f4xx_hal.c 0x00000000   Number         0  stm32f4xx_hal.o ABSOLUTE
    ..\Drivers\STM32F4xx_HAL_Driver\Src\stm32f4xx_hal_cortex.c 0x00000000   Number         0  stm32f4xx_hal_cortex.o ABSOLUTE
    ..\Drivers\STM32F4xx_HAL_Driver\Src\stm32f4xx_hal_dma.c 0x00000000   Number         0  stm32f4xx_hal_dma.o ABSOLUTE
    ..\Drivers\STM32F4xx_HAL_Driver\Src\stm32f4xx_hal_dma_ex.c 0x00000000   Number         0  stm32f4xx_hal_dma_ex.o ABSOLUTE
    ..\Drivers\STM32F4xx_HAL_Driver\Src\stm32f4xx_hal_exti.c 0x00000000   Number         0  stm32f4xx_hal_exti.o ABSOLUTE
    ..\Drivers\STM32F4xx_HAL_Driver\Src\stm32f4xx_hal_flash.c 0x00000000   Number         0  stm32f4xx_hal_flash.o ABSOLUTE
    ..\Drivers\STM32F4xx_HAL_Driver\Src\stm32f4xx_hal_flash_ex.c 0x00000000   Number         0  stm32f4xx_hal_flash_ex.o ABSOLUTE
    ..\Drivers\STM32F4xx_HAL_Driver\Src\stm32f4xx_hal_flash_ramfunc.c 0x00000000   Number         0  stm32f4xx_hal_flash_ramfunc.o ABSOLUTE
    ..\Drivers\STM32F4xx_HAL_Driver\Src\stm32f4xx_hal_gpio.c 0x00000000   Number         0  stm32f4xx_hal_gpio.o ABSOLUTE
    ..\Drivers\STM32F4xx_HAL_Driver\Src\stm32f4xx_hal_pwr.c 0x00000000   Number         0  stm32f4xx_hal_pwr.o ABSOLUTE
    ..\Drivers\STM32F4xx_HAL_Driver\Src\stm32f4xx_hal_pwr_ex.c 0x00000000   Number         0  stm32f4xx_hal_pwr_ex.o ABSOLUTE
    ..\Drivers\STM32F4xx_HAL_Driver\Src\stm32f4xx_hal_rcc.c 0x00000000   Number         0  stm32f4xx_hal_rcc.o ABSOLUTE
    ..\Drivers\STM32F4xx_HAL_Driver\Src\stm32f4xx_hal_rcc_ex.c 0x00000000   Number         0  stm32f4xx_hal_rcc_ex.o ABSOLUTE
    ..\Drivers\STM32F4xx_HAL_Driver\Src\stm32f4xx_hal_tim.c 0x00000000   Number         0  stm32f4xx_hal_tim.o ABSOLUTE
    ..\Drivers\STM32F4xx_HAL_Driver\Src\stm32f4xx_hal_tim_ex.c 0x00000000   Number         0  stm32f4xx_hal_tim_ex.o ABSOLUTE
    ..\Drivers\STM32F4xx_HAL_Driver\Src\stm32f4xx_hal_uart.c 0x00000000   Number         0  stm32f4xx_hal_uart.o ABSOLUTE
    ..\\Core\\Src\\control.c                 0x00000000   Number         0  control.o ABSOLUTE
    ..\\Core\\Src\\encoder.c                 0x00000000   Number         0  encoder.o ABSOLUTE
    ..\\Core\\Src\\motor.c                   0x00000000   Number         0  motor.o ABSOLUTE
    cdrcmple.s                               0x00000000   Number         0  cdrcmple.o ABSOLUTE
    dc.s                                     0x00000000   Number         0  dc.o ABSOLUTE
    handlers.s                               0x00000000   Number         0  handlers.o ABSOLUTE
    init.s                                   0x00000000   Number         0  init.o ABSOLUTE
    startup_stm32f407xx.s                    0x00000000   Number         0  startup_stm32f407xx.o ABSOLUTE
    RESET                                    0x08000000   Section      392  startup_stm32f407xx.o(RESET)
    .ARM.Collect$$$$00000000                 0x08000188   Section        0  entry.o(.ARM.Collect$$$$00000000)
    .ARM.Collect$$$$00000001                 0x08000188   Section        4  entry2.o(.ARM.Collect$$$$00000001)
    .ARM.Collect$$$$00000004                 0x0800018c   Section        4  entry5.o(.ARM.Collect$$$$00000004)
    .ARM.Collect$$$$00000008                 0x08000190   Section        0  entry7b.o(.ARM.Collect$$$$00000008)
    .ARM.Collect$$$$0000000A                 0x08000190   Section        0  entry8b.o(.ARM.Collect$$$$0000000A)
    .ARM.Collect$$$$0000000B                 0x08000190   Section        8  entry9a.o(.ARM.Collect$$$$0000000B)
    .ARM.Collect$$$$0000000D                 0x08000198   Section        0  entry10a.o(.ARM.Collect$$$$0000000D)
    .ARM.Collect$$$$0000000F                 0x08000198   Section        0  entry11a.o(.ARM.Collect$$$$0000000F)
    .ARM.Collect$$$$00002712                 0x08000198   Section        4  entry2.o(.ARM.Collect$$$$00002712)
    __lit__00000000                          0x08000198   Data           4  entry2.o(.ARM.Collect$$$$00002712)
    .text                                    0x0800019c   Section       36  startup_stm32f407xx.o(.text)
    $v0                                      0x0800019c   Number         0  startup_stm32f407xx.o(.text)
    .text                                    0x080001c0   Section        0  uldiv.o(.text)
    .text                                    0x08000222   Section        0  memseta.o(.text)
    .text                                    0x08000246   Section        0  dadd.o(.text)
    .text                                    0x08000394   Section        0  dmul.o(.text)
    .text                                    0x08000478   Section        0  ddiv.o(.text)
    .text                                    0x08000556   Section        0  dflti.o(.text)
    .text                                    0x08000578   Section        0  dfltui.o(.text)
    .text                                    0x08000592   Section        0  dfixi.o(.text)
    .text                                    0x080005d0   Section        0  uidiv.o(.text)
    .text                                    0x080005fc   Section        0  llshl.o(.text)
    .text                                    0x0800061a   Section        0  llushr.o(.text)
    .text                                    0x0800063a   Section        0  llsshr.o(.text)
    .text                                    0x0800065e   Section        0  iusefp.o(.text)
    .text                                    0x0800065e   Section        0  depilogue.o(.text)
    .text                                    0x08000718   Section       36  init.o(.text)
    i.BusFault_Handler                       0x0800073c   Section        0  stm32f4xx_it.o(i.BusFault_Handler)
    i.Control_function_left                  0x08000740   Section        0  control.o(i.Control_function_left)
    i.Control_function_right                 0x080007bc   Section        0  control.o(i.Control_function_right)
    i.DMA1_Stream5_IRQHandler                0x08000838   Section        0  stm32f4xx_it.o(i.DMA1_Stream5_IRQHandler)
    i.DMA1_Stream6_IRQHandler                0x08000844   Section        0  stm32f4xx_it.o(i.DMA1_Stream6_IRQHandler)
    i.DMA_CalcBaseAndBitshift                0x08000850   Section        0  stm32f4xx_hal_dma.o(i.DMA_CalcBaseAndBitshift)
    DMA_CalcBaseAndBitshift                  0x08000851   Thumb Code    34  stm32f4xx_hal_dma.o(i.DMA_CalcBaseAndBitshift)
    i.DMA_CheckFifoParam                     0x08000878   Section        0  stm32f4xx_hal_dma.o(i.DMA_CheckFifoParam)
    DMA_CheckFifoParam                       0x08000879   Thumb Code    84  stm32f4xx_hal_dma.o(i.DMA_CheckFifoParam)
    i.DMA_SetConfig                          0x080008cc   Section        0  stm32f4xx_hal_dma.o(i.DMA_SetConfig)
    DMA_SetConfig                            0x080008cd   Thumb Code    40  stm32f4xx_hal_dma.o(i.DMA_SetConfig)
    i.DebugMon_Handler                       0x080008f4   Section        0  stm32f4xx_it.o(i.DebugMon_Handler)
    i.Error_Handler                          0x080008f6   Section        0  main.o(i.Error_Handler)
    i.GetTimEncoder_left                     0x080008fc   Section        0  encoder.o(i.GetTimEncoder_left)
    i.GetTimEncoder_right                    0x08000918   Section        0  encoder.o(i.GetTimEncoder_right)
    i.HAL_DMA_Abort                          0x08000934   Section        0  stm32f4xx_hal_dma.o(i.HAL_DMA_Abort)
    i.HAL_DMA_Abort_IT                       0x080009c6   Section        0  stm32f4xx_hal_dma.o(i.HAL_DMA_Abort_IT)
    i.HAL_DMA_IRQHandler                     0x080009ec   Section        0  stm32f4xx_hal_dma.o(i.HAL_DMA_IRQHandler)
    i.HAL_DMA_Init                           0x08000b8c   Section        0  stm32f4xx_hal_dma.o(i.HAL_DMA_Init)
    i.HAL_DMA_Start_IT                       0x08000c60   Section        0  stm32f4xx_hal_dma.o(i.HAL_DMA_Start_IT)
    i.HAL_Delay                              0x08000cd0   Section        0  stm32f4xx_hal.o(i.HAL_Delay)
    i.HAL_GPIO_Init                          0x08000cf4   Section        0  stm32f4xx_hal_gpio.o(i.HAL_GPIO_Init)
    i.HAL_GPIO_WritePin                      0x08000ee4   Section        0  stm32f4xx_hal_gpio.o(i.HAL_GPIO_WritePin)
    i.HAL_GetTick                            0x08000ef0   Section        0  stm32f4xx_hal.o(i.HAL_GetTick)
    i.HAL_IncTick                            0x08000efc   Section        0  stm32f4xx_hal.o(i.HAL_IncTick)
    i.HAL_Init                               0x08000f0c   Section        0  stm32f4xx_hal.o(i.HAL_Init)
    i.HAL_InitTick                           0x08000f40   Section        0  stm32f4xx_hal.o(i.HAL_InitTick)
    i.HAL_MspInit                            0x08000f80   Section        0  stm32f4xx_hal_msp.o(i.HAL_MspInit)
    i.HAL_NVIC_EnableIRQ                     0x08000fb0   Section        0  stm32f4xx_hal_cortex.o(i.HAL_NVIC_EnableIRQ)
    i.HAL_NVIC_SetPriority                   0x08000fcc   Section        0  stm32f4xx_hal_cortex.o(i.HAL_NVIC_SetPriority)
    i.HAL_NVIC_SetPriorityGrouping           0x0800100c   Section        0  stm32f4xx_hal_cortex.o(i.HAL_NVIC_SetPriorityGrouping)
    i.HAL_RCC_ClockConfig                    0x08001030   Section        0  stm32f4xx_hal_rcc.o(i.HAL_RCC_ClockConfig)
    i.HAL_RCC_GetPCLK1Freq                   0x08001164   Section        0  stm32f4xx_hal_rcc.o(i.HAL_RCC_GetPCLK1Freq)
    i.HAL_RCC_GetPCLK2Freq                   0x08001184   Section        0  stm32f4xx_hal_rcc.o(i.HAL_RCC_GetPCLK2Freq)
    i.HAL_RCC_GetSysClockFreq                0x080011a4   Section        0  stm32f4xx_hal_rcc.o(i.HAL_RCC_GetSysClockFreq)
    i.HAL_RCC_OscConfig                      0x08001204   Section        0  stm32f4xx_hal_rcc.o(i.HAL_RCC_OscConfig)
    i.HAL_SYSTICK_Config                     0x08001570   Section        0  stm32f4xx_hal_cortex.o(i.HAL_SYSTICK_Config)
    i.HAL_TIMEx_BreakCallback                0x08001598   Section        0  stm32f4xx_hal_tim_ex.o(i.HAL_TIMEx_BreakCallback)
    i.HAL_TIMEx_CommutCallback               0x0800159a   Section        0  stm32f4xx_hal_tim_ex.o(i.HAL_TIMEx_CommutCallback)
    i.HAL_TIMEx_MasterConfigSynchronization  0x0800159c   Section        0  stm32f4xx_hal_tim_ex.o(i.HAL_TIMEx_MasterConfigSynchronization)
    i.HAL_TIM_Base_Init                      0x0800162c   Section        0  stm32f4xx_hal_tim.o(i.HAL_TIM_Base_Init)
    i.HAL_TIM_Base_MspInit                   0x08001688   Section        0  tim.o(i.HAL_TIM_Base_MspInit)
    i.HAL_TIM_Base_Start_IT                  0x080016e0   Section        0  stm32f4xx_hal_tim.o(i.HAL_TIM_Base_Start_IT)
    i.HAL_TIM_ConfigClockSource              0x08001760   Section        0  stm32f4xx_hal_tim.o(i.HAL_TIM_ConfigClockSource)
    i.HAL_TIM_Encoder_Init                   0x0800183c   Section        0  stm32f4xx_hal_tim.o(i.HAL_TIM_Encoder_Init)
    i.HAL_TIM_Encoder_MspInit                0x080018e0   Section        0  tim.o(i.HAL_TIM_Encoder_MspInit)
    i.HAL_TIM_Encoder_Start                  0x080019a4   Section        0  stm32f4xx_hal_tim.o(i.HAL_TIM_Encoder_Start)
    i.HAL_TIM_IC_CaptureCallback             0x08001a32   Section        0  stm32f4xx_hal_tim.o(i.HAL_TIM_IC_CaptureCallback)
    i.HAL_TIM_IRQHandler                     0x08001a34   Section        0  stm32f4xx_hal_tim.o(i.HAL_TIM_IRQHandler)
    i.HAL_TIM_MspPostInit                    0x08001b9c   Section        0  tim.o(i.HAL_TIM_MspPostInit)
    i.HAL_TIM_OC_DelayElapsedCallback        0x08001bf0   Section        0  stm32f4xx_hal_tim.o(i.HAL_TIM_OC_DelayElapsedCallback)
    i.HAL_TIM_PWM_ConfigChannel              0x08001bf2   Section        0  stm32f4xx_hal_tim.o(i.HAL_TIM_PWM_ConfigChannel)
    i.HAL_TIM_PWM_Init                       0x08001cbe   Section        0  stm32f4xx_hal_tim.o(i.HAL_TIM_PWM_Init)
    i.HAL_TIM_PWM_MspInit                    0x08001d18   Section        0  stm32f4xx_hal_tim.o(i.HAL_TIM_PWM_MspInit)
    i.HAL_TIM_PWM_PulseFinishedCallback      0x08001d1a   Section        0  stm32f4xx_hal_tim.o(i.HAL_TIM_PWM_PulseFinishedCallback)
    i.HAL_TIM_PWM_Start                      0x08001d1c   Section        0  stm32f4xx_hal_tim.o(i.HAL_TIM_PWM_Start)
    i.HAL_TIM_PeriodElapsedCallback          0x08001de4   Section        0  stm32f4xx_hal_tim.o(i.HAL_TIM_PeriodElapsedCallback)
    i.HAL_TIM_TriggerCallback                0x08001de6   Section        0  stm32f4xx_hal_tim.o(i.HAL_TIM_TriggerCallback)
    i.HAL_UARTEx_RxEventCallback             0x08001de8   Section        0  stm32f4xx_hal_uart.o(i.HAL_UARTEx_RxEventCallback)
    i.HAL_UART_ErrorCallback                 0x08001dea   Section        0  stm32f4xx_hal_uart.o(i.HAL_UART_ErrorCallback)
    i.HAL_UART_IRQHandler                    0x08001dec   Section        0  stm32f4xx_hal_uart.o(i.HAL_UART_IRQHandler)
    i.HAL_UART_Init                          0x08002054   Section        0  stm32f4xx_hal_uart.o(i.HAL_UART_Init)
    i.HAL_UART_MspInit                       0x080020b8   Section        0  usart.o(i.HAL_UART_MspInit)
    i.HAL_UART_Receive_DMA                   0x080021e0   Section        0  stm32f4xx_hal_uart.o(i.HAL_UART_Receive_DMA)
    i.HAL_UART_RxCpltCallback                0x0800220a   Section        0  stm32f4xx_hal_uart.o(i.HAL_UART_RxCpltCallback)
    i.HAL_UART_RxHalfCpltCallback            0x0800220c   Section        0  stm32f4xx_hal_uart.o(i.HAL_UART_RxHalfCpltCallback)
    i.HAL_UART_Transmit                      0x08002210   Section        0  stm32f4xx_hal_uart.o(i.HAL_UART_Transmit)
    i.HAL_UART_TxCpltCallback                0x080022c2   Section        0  stm32f4xx_hal_uart.o(i.HAL_UART_TxCpltCallback)
    i.HardFault_Handler                      0x080022c4   Section        0  stm32f4xx_it.o(i.HardFault_Handler)
    i.Incremental_PI_left                    0x080022c8   Section        0  control.o(i.Incremental_PI_left)
    i.Incremental_PI_right                   0x0800234c   Section        0  control.o(i.Incremental_PI_right)
    i.Left_Moto                              0x080023d0   Section        0  motor.o(i.Left_Moto)
    i.MX_DMA_Init                            0x08002408   Section        0  dma.o(i.MX_DMA_Init)
    i.MX_GPIO_Init                           0x08002444   Section        0  gpio.o(i.MX_GPIO_Init)
    i.MX_TIM2_Init                           0x080024c0   Section        0  tim.o(i.MX_TIM2_Init)
    i.MX_TIM3_Init                           0x08002528   Section        0  tim.o(i.MX_TIM3_Init)
    i.MX_TIM4_Init                           0x08002594   Section        0  tim.o(i.MX_TIM4_Init)
    i.MX_TIM9_Init                           0x0800263c   Section        0  tim.o(i.MX_TIM9_Init)
    i.MX_USART1_UART_Init                    0x08002688   Section        0  usart.o(i.MX_USART1_UART_Init)
    i.MX_USART2_UART_Init                    0x080026c0   Section        0  usart.o(i.MX_USART2_UART_Init)
    i.MemManage_Handler                      0x080026f8   Section        0  stm32f4xx_it.o(i.MemManage_Handler)
    i.NMI_Handler                            0x080026fa   Section        0  stm32f4xx_it.o(i.NMI_Handler)
    i.PendSV_Handler                         0x080026fc   Section        0  stm32f4xx_it.o(i.PendSV_Handler)
    i.Right_Moto                             0x08002700   Section        0  motor.o(i.Right_Moto)
    i.SVC_Handler                            0x08002738   Section        0  stm32f4xx_it.o(i.SVC_Handler)
    i.Set_Pwm_left                           0x0800273c   Section        0  control.o(i.Set_Pwm_left)
    i.Set_Pwm_right                          0x08002760   Section        0  control.o(i.Set_Pwm_right)
    i.SysTick_Handler                        0x08002784   Section        0  stm32f4xx_it.o(i.SysTick_Handler)
    i.SystemClock_Config                     0x08002788   Section        0  main.o(i.SystemClock_Config)
    i.SystemInit                             0x0800281c   Section        0  system_stm32f4xx.o(i.SystemInit)
    i.TIM1_BRK_TIM9_IRQHandler               0x0800282c   Section        0  stm32f4xx_it.o(i.TIM1_BRK_TIM9_IRQHandler)
    i.TIM_Base_SetConfig                     0x080028a8   Section        0  stm32f4xx_hal_tim.o(i.TIM_Base_SetConfig)
    i.TIM_CCxChannelCmd                      0x08002970   Section        0  stm32f4xx_hal_tim.o(i.TIM_CCxChannelCmd)
    i.TIM_ETR_SetConfig                      0x0800298a   Section        0  stm32f4xx_hal_tim.o(i.TIM_ETR_SetConfig)
    i.TIM_ITRx_SetConfig                     0x0800299e   Section        0  stm32f4xx_hal_tim.o(i.TIM_ITRx_SetConfig)
    TIM_ITRx_SetConfig                       0x0800299f   Thumb Code    16  stm32f4xx_hal_tim.o(i.TIM_ITRx_SetConfig)
    i.TIM_OC1_SetConfig                      0x080029b0   Section        0  stm32f4xx_hal_tim.o(i.TIM_OC1_SetConfig)
    TIM_OC1_SetConfig                        0x080029b1   Thumb Code    88  stm32f4xx_hal_tim.o(i.TIM_OC1_SetConfig)
    i.TIM_OC2_SetConfig                      0x08002a10   Section        0  stm32f4xx_hal_tim.o(i.TIM_OC2_SetConfig)
    i.TIM_OC3_SetConfig                      0x08002a7c   Section        0  stm32f4xx_hal_tim.o(i.TIM_OC3_SetConfig)
    TIM_OC3_SetConfig                        0x08002a7d   Thumb Code    96  stm32f4xx_hal_tim.o(i.TIM_OC3_SetConfig)
    i.TIM_OC4_SetConfig                      0x08002ae4   Section        0  stm32f4xx_hal_tim.o(i.TIM_OC4_SetConfig)
    TIM_OC4_SetConfig                        0x08002ae5   Thumb Code    70  stm32f4xx_hal_tim.o(i.TIM_OC4_SetConfig)
    i.TIM_TI1_ConfigInputStage               0x08002b34   Section        0  stm32f4xx_hal_tim.o(i.TIM_TI1_ConfigInputStage)
    TIM_TI1_ConfigInputStage                 0x08002b35   Thumb Code    34  stm32f4xx_hal_tim.o(i.TIM_TI1_ConfigInputStage)
    i.TIM_TI2_ConfigInputStage               0x08002b56   Section        0  stm32f4xx_hal_tim.o(i.TIM_TI2_ConfigInputStage)
    TIM_TI2_ConfigInputStage                 0x08002b57   Thumb Code    36  stm32f4xx_hal_tim.o(i.TIM_TI2_ConfigInputStage)
    i.UART_DMAAbortOnError                   0x08002b7a   Section        0  stm32f4xx_hal_uart.o(i.UART_DMAAbortOnError)
    UART_DMAAbortOnError                     0x08002b7b   Thumb Code    16  stm32f4xx_hal_uart.o(i.UART_DMAAbortOnError)
    i.UART_DMAError                          0x08002b8a   Section        0  stm32f4xx_hal_uart.o(i.UART_DMAError)
    UART_DMAError                            0x08002b8b   Thumb Code    74  stm32f4xx_hal_uart.o(i.UART_DMAError)
    i.UART_DMAReceiveCplt                    0x08002bd4   Section        0  stm32f4xx_hal_uart.o(i.UART_DMAReceiveCplt)
    UART_DMAReceiveCplt                      0x08002bd5   Thumb Code   130  stm32f4xx_hal_uart.o(i.UART_DMAReceiveCplt)
    i.UART_DMARxHalfCplt                     0x08002c56   Section        0  stm32f4xx_hal_uart.o(i.UART_DMARxHalfCplt)
    UART_DMARxHalfCplt                       0x08002c57   Thumb Code    26  stm32f4xx_hal_uart.o(i.UART_DMARxHalfCplt)
    i.UART_EndRxTransfer                     0x08002c70   Section        0  stm32f4xx_hal_uart.o(i.UART_EndRxTransfer)
    UART_EndRxTransfer                       0x08002c71   Thumb Code    78  stm32f4xx_hal_uart.o(i.UART_EndRxTransfer)
    i.UART_EndTxTransfer                     0x08002cbe   Section        0  stm32f4xx_hal_uart.o(i.UART_EndTxTransfer)
    UART_EndTxTransfer                       0x08002cbf   Thumb Code    28  stm32f4xx_hal_uart.o(i.UART_EndTxTransfer)
    i.UART_Receive_IT                        0x08002cda   Section        0  stm32f4xx_hal_uart.o(i.UART_Receive_IT)
    UART_Receive_IT                          0x08002cdb   Thumb Code   192  stm32f4xx_hal_uart.o(i.UART_Receive_IT)
    i.UART_SetConfig                         0x08002d9c   Section        0  stm32f4xx_hal_uart.o(i.UART_SetConfig)
    UART_SetConfig                           0x08002d9d   Thumb Code   258  stm32f4xx_hal_uart.o(i.UART_SetConfig)
    i.UART_Start_Receive_DMA                 0x08002ea8   Section        0  stm32f4xx_hal_uart.o(i.UART_Start_Receive_DMA)
    i.UART_WaitOnFlagUntilTimeout            0x08002f38   Section        0  stm32f4xx_hal_uart.o(i.UART_WaitOnFlagUntilTimeout)
    UART_WaitOnFlagUntilTimeout              0x08002f39   Thumb Code   120  stm32f4xx_hal_uart.o(i.UART_WaitOnFlagUntilTimeout)
    i.USART2_IRQHandler                      0x08002fb0   Section        0  stm32f4xx_it.o(i.USART2_IRQHandler)
    i.UsageFault_Handler                     0x08002fbc   Section        0  stm32f4xx_it.o(i.UsageFault_Handler)
    i.__0printf$1                            0x08002fc0   Section        0  printf1.o(i.__0printf$1)
    i.__NVIC_SetPriority                     0x08002fe0   Section        0  stm32f4xx_hal_cortex.o(i.__NVIC_SetPriority)
    __NVIC_SetPriority                       0x08002fe1   Thumb Code    32  stm32f4xx_hal_cortex.o(i.__NVIC_SetPriority)
    i.__scatterload_copy                     0x08003000   Section       14  handlers.o(i.__scatterload_copy)
    i.__scatterload_null                     0x0800300e   Section        2  handlers.o(i.__scatterload_null)
    i.__scatterload_zeroinit                 0x08003010   Section       14  handlers.o(i.__scatterload_zeroinit)
    i._printf_core                           0x08003020   Section        0  printf1.o(i._printf_core)
    _printf_core                             0x08003021   Thumb Code   336  printf1.o(i._printf_core)
    i.car_go_straight                        0x08003174   Section        0  motor.o(i.car_go_straight)
    i.encoder_speed                          0x080031a8   Section        0  main.o(i.encoder_speed)
    i.fputc                                  0x080032b4   Section        0  usart.o(i.fputc)
    i.limiting_I_left                        0x080032cc   Section        0  control.o(i.limiting_I_left)
    i.limiting_I_right                       0x08003308   Section        0  control.o(i.limiting_I_right)
    i.limiting_Pwm_left                      0x08003344   Section        0  control.o(i.limiting_Pwm_left)
    i.limiting_Pwm_right                     0x08003360   Section        0  control.o(i.limiting_Pwm_right)
    i.limiting_target_rpm_left               0x0800337c   Section        0  main.o(i.limiting_target_rpm_left)
    i.limiting_target_rpm_right              0x0800339c   Section        0  main.o(i.limiting_target_rpm_right)
    i.main                                   0x080033bc   Section        0  main.o(i.main)
    i.myabs                                  0x08003448   Section        0  control.o(i.myabs)
    i.recieve                                0x08003450   Section        0  main.o(i.recieve)
    .constdata                               0x08003468   Section        8  stm32f4xx_hal_dma.o(.constdata)
    flagBitshiftOffset                       0x08003468   Data           8  stm32f4xx_hal_dma.o(.constdata)
    .constdata                               0x08003470   Section       16  system_stm32f4xx.o(.constdata)
    .constdata                               0x08003480   Section        8  system_stm32f4xx.o(.constdata)
    .data                                    0x20000000   Section        4  encoder.o(.data)
    .data                                    0x20000004   Section       32  control.o(.data)
    Pwm                                      0x20000004   Data           4  control.o(.data)
    Last_bias                                0x20000008   Data           4  control.o(.data)
    Last_last_bias                           0x2000000c   Data           4  control.o(.data)
    Pwm                                      0x20000010   Data           4  control.o(.data)
    Last_bias                                0x20000014   Data           4  control.o(.data)
    Last_last_bias                           0x20000018   Data           4  control.o(.data)
    .data                                    0x20000024   Section       39  main.o(.data)
    .data                                    0x2000004c   Section        4  main.o(.data)
    .data                                    0x20000050   Section        4  main.o(.data)
    .data                                    0x20000054   Section        4  main.o(.data)
    .data                                    0x20000058   Section        4  main.o(.data)
    .data                                    0x2000005c   Section        4  main.o(.data)
    .data                                    0x20000060   Section        4  main.o(.data)
    .data                                    0x20000064   Section        4  main.o(.data)
    .data                                    0x20000068   Section        4  main.o(.data)
    .data                                    0x2000006c   Section        4  main.o(.data)
    .data                                    0x20000070   Section        4  usart.o(.data)
    .data                                    0x20000074   Section       12  stm32f4xx_hal.o(.data)
    .data                                    0x20000080   Section        4  system_stm32f4xx.o(.data)
    .bss                                     0x20000084   Section      268  main.o(.bss)
    .bss                                     0x20000190   Section      288  tim.o(.bss)
    .bss                                     0x200002b0   Section      328  usart.o(.bss)
    STACK                                    0x200003f8   Section     1024  startup_stm32f407xx.o(STACK)

    Global Symbols

    Symbol Name                              Value     Ov Type        Size  Object(Section)

    BuildAttributes$$THM_ISAv4$E$P$D$K$B$S$7EM$VFPi3$EXTD16$VFPS$VFMA$PE$A:L22UL41UL21$X:L11$S22US41US21$IEEE1$IW$USESV6$~STKCKD$USESV7$~SHL$OSPACE$ROPI$EBA8$MICROLIB$REQ8$PRES8$EABIv2 0x00000000   Number         0  anon$$obj.o ABSOLUTE
    __ARM_use_no_argv                        0x00000000   Number         0  main.o ABSOLUTE
    __use_no_errno                           0x00000000   Number         0  useno.o ABSOLUTE
    __use_no_exception_handling              0x00000000   Number         0  useno.o ABSOLUTE
    __use_no_fp                              0x00000000   Number         0  useno.o ABSOLUTE
    __use_no_heap                            0x00000000   Number         0  useno.o ABSOLUTE
    __use_no_heap_region                     0x00000000   Number         0  useno.o ABSOLUTE
    __use_no_semihosting                     0x00000000   Number         0  useno.o ABSOLUTE
    __use_no_semihosting_swi                 0x00000000   Number         0  useno.o ABSOLUTE
    __use_no_signal_handling                 0x00000000   Number         0  useno.o ABSOLUTE
    _printf_a                                0x00000000   Number         0  stubs.o ABSOLUTE
    _printf_c                                0x00000000   Number         0  stubs.o ABSOLUTE
    _printf_charcount                        0x00000000   Number         0  stubs.o ABSOLUTE
    _printf_d                                0x00000000   Number         0  stubs.o ABSOLUTE
    _printf_e                                0x00000000   Number         0  stubs.o ABSOLUTE
    _printf_f                                0x00000000   Number         0  stubs.o ABSOLUTE
    _printf_flags                            0x00000000   Number         0  stubs.o ABSOLUTE
    _printf_fp_dec                           0x00000000   Number         0  stubs.o ABSOLUTE
    _printf_fp_hex                           0x00000000   Number         0  stubs.o ABSOLUTE
    _printf_g                                0x00000000   Number         0  stubs.o ABSOLUTE
    _printf_i                                0x00000000   Number         0  stubs.o ABSOLUTE
    _printf_int_dec                          0x00000000   Number         0  stubs.o ABSOLUTE
    _printf_l                                0x00000000   Number         0  stubs.o ABSOLUTE
    _printf_lc                               0x00000000   Number         0  stubs.o ABSOLUTE
    _printf_ll                               0x00000000   Number         0  stubs.o ABSOLUTE
    _printf_lld                              0x00000000   Number         0  stubs.o ABSOLUTE
    _printf_lli                              0x00000000   Number         0  stubs.o ABSOLUTE
    _printf_llo                              0x00000000   Number         0  stubs.o ABSOLUTE
    _printf_llu                              0x00000000   Number         0  stubs.o ABSOLUTE
    _printf_llx                              0x00000000   Number         0  stubs.o ABSOLUTE
    _printf_longlong_dec                     0x00000000   Number         0  stubs.o ABSOLUTE
    _printf_longlong_hex                     0x00000000   Number         0  stubs.o ABSOLUTE
    _printf_longlong_oct                     0x00000000   Number         0  stubs.o ABSOLUTE
    _printf_ls                               0x00000000   Number         0  stubs.o ABSOLUTE
    _printf_mbtowc                           0x00000000   Number         0  stubs.o ABSOLUTE
    _printf_n                                0x00000000   Number         0  stubs.o ABSOLUTE
    _printf_o                                0x00000000   Number         0  stubs.o ABSOLUTE
    _printf_p                                0x00000000   Number         0  stubs.o ABSOLUTE
    _printf_percent                          0x00000000   Number         0  stubs.o ABSOLUTE
    _printf_pre_padding                      0x00000000   Number         0  stubs.o ABSOLUTE
    _printf_return_value                     0x00000000   Number         0  stubs.o ABSOLUTE
    _printf_s                                0x00000000   Number         0  stubs.o ABSOLUTE
    _printf_sizespec                         0x00000000   Number         0  stubs.o ABSOLUTE
    _printf_str                              0x00000000   Number         0  stubs.o ABSOLUTE
    _printf_truncate_signed                  0x00000000   Number         0  stubs.o ABSOLUTE
    _printf_truncate_unsigned                0x00000000   Number         0  stubs.o ABSOLUTE
    _printf_u                                0x00000000   Number         0  stubs.o ABSOLUTE
    _printf_wc                               0x00000000   Number         0  stubs.o ABSOLUTE
    _printf_wctomb                           0x00000000   Number         0  stubs.o ABSOLUTE
    _printf_widthprec                        0x00000000   Number         0  stubs.o ABSOLUTE
    _printf_x                                0x00000000   Number         0  stubs.o ABSOLUTE
    __cpp_initialize__aeabi_                  - Undefined Weak Reference
    __cxa_finalize                            - Undefined Weak Reference
    __decompress                              - Undefined Weak Reference
    _clock_init                               - Undefined Weak Reference
    _microlib_exit                            - Undefined Weak Reference
    __Vectors_Size                           0x00000188   Number         0  startup_stm32f407xx.o ABSOLUTE
    __Vectors                                0x08000000   Data           4  startup_stm32f407xx.o(RESET)
    __Vectors_End                            0x08000188   Data           0  startup_stm32f407xx.o(RESET)
    __main                                   0x08000189   Thumb Code     0  entry.o(.ARM.Collect$$$$00000000)
    _main_stk                                0x08000189   Thumb Code     0  entry2.o(.ARM.Collect$$$$00000001)
    _main_scatterload                        0x0800018d   Thumb Code     0  entry5.o(.ARM.Collect$$$$00000004)
    __main_after_scatterload                 0x08000191   Thumb Code     0  entry5.o(.ARM.Collect$$$$00000004)
    _main_clock                              0x08000191   Thumb Code     0  entry7b.o(.ARM.Collect$$$$00000008)
    _main_cpp_init                           0x08000191   Thumb Code     0  entry8b.o(.ARM.Collect$$$$0000000A)
    _main_init                               0x08000191   Thumb Code     0  entry9a.o(.ARM.Collect$$$$0000000B)
    __rt_final_cpp                           0x08000199   Thumb Code     0  entry10a.o(.ARM.Collect$$$$0000000D)
    __rt_final_exit                          0x08000199   Thumb Code     0  entry11a.o(.ARM.Collect$$$$0000000F)
    Reset_Handler                            0x0800019d   Thumb Code     8  startup_stm32f407xx.o(.text)
    ADC_IRQHandler                           0x080001b7   Thumb Code     0  startup_stm32f407xx.o(.text)
    CAN1_RX0_IRQHandler                      0x080001b7   Thumb Code     0  startup_stm32f407xx.o(.text)
    CAN1_RX1_IRQHandler                      0x080001b7   Thumb Code     0  startup_stm32f407xx.o(.text)
    CAN1_SCE_IRQHandler                      0x080001b7   Thumb Code     0  startup_stm32f407xx.o(.text)
    CAN1_TX_IRQHandler                       0x080001b7   Thumb Code     0  startup_stm32f407xx.o(.text)
    CAN2_RX0_IRQHandler                      0x080001b7   Thumb Code     0  startup_stm32f407xx.o(.text)
    CAN2_RX1_IRQHandler                      0x080001b7   Thumb Code     0  startup_stm32f407xx.o(.text)
    CAN2_SCE_IRQHandler                      0x080001b7   Thumb Code     0  startup_stm32f407xx.o(.text)
    CAN2_TX_IRQHandler                       0x080001b7   Thumb Code     0  startup_stm32f407xx.o(.text)
    DCMI_IRQHandler                          0x080001b7   Thumb Code     0  startup_stm32f407xx.o(.text)
    DMA1_Stream0_IRQHandler                  0x080001b7   Thumb Code     0  startup_stm32f407xx.o(.text)
    DMA1_Stream1_IRQHandler                  0x080001b7   Thumb Code     0  startup_stm32f407xx.o(.text)
    DMA1_Stream2_IRQHandler                  0x080001b7   Thumb Code     0  startup_stm32f407xx.o(.text)
    DMA1_Stream3_IRQHandler                  0x080001b7   Thumb Code     0  startup_stm32f407xx.o(.text)
    DMA1_Stream4_IRQHandler                  0x080001b7   Thumb Code     0  startup_stm32f407xx.o(.text)
    DMA1_Stream7_IRQHandler                  0x080001b7   Thumb Code     0  startup_stm32f407xx.o(.text)
    DMA2_Stream0_IRQHandler                  0x080001b7   Thumb Code     0  startup_stm32f407xx.o(.text)
    DMA2_Stream1_IRQHandler                  0x080001b7   Thumb Code     0  startup_stm32f407xx.o(.text)
    DMA2_Stream2_IRQHandler                  0x080001b7   Thumb Code     0  startup_stm32f407xx.o(.text)
    DMA2_Stream3_IRQHandler                  0x080001b7   Thumb Code     0  startup_stm32f407xx.o(.text)
    DMA2_Stream4_IRQHandler                  0x080001b7   Thumb Code     0  startup_stm32f407xx.o(.text)
    DMA2_Stream5_IRQHandler                  0x080001b7   Thumb Code     0  startup_stm32f407xx.o(.text)
    DMA2_Stream6_IRQHandler                  0x080001b7   Thumb Code     0  startup_stm32f407xx.o(.text)
    DMA2_Stream7_IRQHandler                  0x080001b7   Thumb Code     0  startup_stm32f407xx.o(.text)
    ETH_IRQHandler                           0x080001b7   Thumb Code     0  startup_stm32f407xx.o(.text)
    ETH_WKUP_IRQHandler                      0x080001b7   Thumb Code     0  startup_stm32f407xx.o(.text)
    EXTI0_IRQHandler                         0x080001b7   Thumb Code     0  startup_stm32f407xx.o(.text)
    EXTI15_10_IRQHandler                     0x080001b7   Thumb Code     0  startup_stm32f407xx.o(.text)
    EXTI1_IRQHandler                         0x080001b7   Thumb Code     0  startup_stm32f407xx.o(.text)
    EXTI2_IRQHandler                         0x080001b7   Thumb Code     0  startup_stm32f407xx.o(.text)
    EXTI3_IRQHandler                         0x080001b7   Thumb Code     0  startup_stm32f407xx.o(.text)
    EXTI4_IRQHandler                         0x080001b7   Thumb Code     0  startup_stm32f407xx.o(.text)
    EXTI9_5_IRQHandler                       0x080001b7   Thumb Code     0  startup_stm32f407xx.o(.text)
    FLASH_IRQHandler                         0x080001b7   Thumb Code     0  startup_stm32f407xx.o(.text)
    FMC_IRQHandler                           0x080001b7   Thumb Code     0  startup_stm32f407xx.o(.text)
    FPU_IRQHandler                           0x080001b7   Thumb Code     0  startup_stm32f407xx.o(.text)
    HASH_RNG_IRQHandler                      0x080001b7   Thumb Code     0  startup_stm32f407xx.o(.text)
    I2C1_ER_IRQHandler                       0x080001b7   Thumb Code     0  startup_stm32f407xx.o(.text)
    I2C1_EV_IRQHandler                       0x080001b7   Thumb Code     0  startup_stm32f407xx.o(.text)
    I2C2_ER_IRQHandler                       0x080001b7   Thumb Code     0  startup_stm32f407xx.o(.text)
    I2C2_EV_IRQHandler                       0x080001b7   Thumb Code     0  startup_stm32f407xx.o(.text)
    I2C3_ER_IRQHandler                       0x080001b7   Thumb Code     0  startup_stm32f407xx.o(.text)
    I2C3_EV_IRQHandler                       0x080001b7   Thumb Code     0  startup_stm32f407xx.o(.text)
    OTG_FS_IRQHandler                        0x080001b7   Thumb Code     0  startup_stm32f407xx.o(.text)
    OTG_FS_WKUP_IRQHandler                   0x080001b7   Thumb Code     0  startup_stm32f407xx.o(.text)
    OTG_HS_EP1_IN_IRQHandler                 0x080001b7   Thumb Code     0  startup_stm32f407xx.o(.text)
    OTG_HS_EP1_OUT_IRQHandler                0x080001b7   Thumb Code     0  startup_stm32f407xx.o(.text)
    OTG_HS_IRQHandler                        0x080001b7   Thumb Code     0  startup_stm32f407xx.o(.text)
    OTG_HS_WKUP_IRQHandler                   0x080001b7   Thumb Code     0  startup_stm32f407xx.o(.text)
    PVD_IRQHandler                           0x080001b7   Thumb Code     0  startup_stm32f407xx.o(.text)
    RCC_IRQHandler                           0x080001b7   Thumb Code     0  startup_stm32f407xx.o(.text)
    RTC_Alarm_IRQHandler                     0x080001b7   Thumb Code     0  startup_stm32f407xx.o(.text)
    RTC_WKUP_IRQHandler                      0x080001b7   Thumb Code     0  startup_stm32f407xx.o(.text)
    SDIO_IRQHandler                          0x080001b7   Thumb Code     0  startup_stm32f407xx.o(.text)
    SPI1_IRQHandler                          0x080001b7   Thumb Code     0  startup_stm32f407xx.o(.text)
    SPI2_IRQHandler                          0x080001b7   Thumb Code     0  startup_stm32f407xx.o(.text)
    SPI3_IRQHandler                          0x080001b7   Thumb Code     0  startup_stm32f407xx.o(.text)
    TAMP_STAMP_IRQHandler                    0x080001b7   Thumb Code     0  startup_stm32f407xx.o(.text)
    TIM1_CC_IRQHandler                       0x080001b7   Thumb Code     0  startup_stm32f407xx.o(.text)
    TIM1_TRG_COM_TIM11_IRQHandler            0x080001b7   Thumb Code     0  startup_stm32f407xx.o(.text)
    TIM1_UP_TIM10_IRQHandler                 0x080001b7   Thumb Code     0  startup_stm32f407xx.o(.text)
    TIM2_IRQHandler                          0x080001b7   Thumb Code     0  startup_stm32f407xx.o(.text)
    TIM3_IRQHandler                          0x080001b7   Thumb Code     0  startup_stm32f407xx.o(.text)
    TIM4_IRQHandler                          0x080001b7   Thumb Code     0  startup_stm32f407xx.o(.text)
    TIM5_IRQHandler                          0x080001b7   Thumb Code     0  startup_stm32f407xx.o(.text)
    TIM6_DAC_IRQHandler                      0x080001b7   Thumb Code     0  startup_stm32f407xx.o(.text)
    TIM7_IRQHandler                          0x080001b7   Thumb Code     0  startup_stm32f407xx.o(.text)
    TIM8_BRK_TIM12_IRQHandler                0x080001b7   Thumb Code     0  startup_stm32f407xx.o(.text)
    TIM8_CC_IRQHandler                       0x080001b7   Thumb Code     0  startup_stm32f407xx.o(.text)
    TIM8_TRG_COM_TIM14_IRQHandler            0x080001b7   Thumb Code     0  startup_stm32f407xx.o(.text)
    TIM8_UP_TIM13_IRQHandler                 0x080001b7   Thumb Code     0  startup_stm32f407xx.o(.text)
    UART4_IRQHandler                         0x080001b7   Thumb Code     0  startup_stm32f407xx.o(.text)
    UART5_IRQHandler                         0x080001b7   Thumb Code     0  startup_stm32f407xx.o(.text)
    USART1_IRQHandler                        0x080001b7   Thumb Code     0  startup_stm32f407xx.o(.text)
    USART3_IRQHandler                        0x080001b7   Thumb Code     0  startup_stm32f407xx.o(.text)
    USART6_IRQHandler                        0x080001b7   Thumb Code     0  startup_stm32f407xx.o(.text)
    WWDG_IRQHandler                          0x080001b7   Thumb Code     0  startup_stm32f407xx.o(.text)
    __aeabi_uldivmod                         0x080001c1   Thumb Code    98  uldiv.o(.text)
    __aeabi_memset                           0x08000223   Thumb Code    14  memseta.o(.text)
    __aeabi_memset4                          0x08000223   Thumb Code     0  memseta.o(.text)
    __aeabi_memset8                          0x08000223   Thumb Code     0  memseta.o(.text)
    __aeabi_memclr                           0x08000231   Thumb Code     4  memseta.o(.text)
    __aeabi_memclr4                          0x08000231   Thumb Code     0  memseta.o(.text)
    __aeabi_memclr8                          0x08000231   Thumb Code     0  memseta.o(.text)
    _memset$wrapper                          0x08000235   Thumb Code    18  memseta.o(.text)
    __aeabi_dadd                             0x08000247   Thumb Code   322  dadd.o(.text)
    __aeabi_dsub                             0x08000389   Thumb Code     6  dadd.o(.text)
    __aeabi_drsub                            0x0800038f   Thumb Code     6  dadd.o(.text)
    __aeabi_dmul                             0x08000395   Thumb Code   228  dmul.o(.text)
    __aeabi_ddiv                             0x08000479   Thumb Code   222  ddiv.o(.text)
    __aeabi_i2d                              0x08000557   Thumb Code    34  dflti.o(.text)
    __aeabi_ui2d                             0x08000579   Thumb Code    26  dfltui.o(.text)
    __aeabi_d2iz                             0x08000593   Thumb Code    62  dfixi.o(.text)
    __aeabi_uidiv                            0x080005d1   Thumb Code     0  uidiv.o(.text)
    __aeabi_uidivmod                         0x080005d1   Thumb Code    44  uidiv.o(.text)
    __aeabi_llsl                             0x080005fd   Thumb Code    30  llshl.o(.text)
    _ll_shift_l                              0x080005fd   Thumb Code     0  llshl.o(.text)
    __aeabi_llsr                             0x0800061b   Thumb Code    32  llushr.o(.text)
    _ll_ushift_r                             0x0800061b   Thumb Code     0  llushr.o(.text)
    __aeabi_lasr                             0x0800063b   Thumb Code    36  llsshr.o(.text)
    _ll_sshift_r                             0x0800063b   Thumb Code     0  llsshr.o(.text)
    __I$use$fp                               0x0800065f   Thumb Code     0  iusefp.o(.text)
    _double_round                            0x0800065f   Thumb Code    30  depilogue.o(.text)
    _double_epilogue                         0x0800067d   Thumb Code   156  depilogue.o(.text)
    __scatterload                            0x08000719   Thumb Code    28  init.o(.text)
    __scatterload_rt2                        0x08000719   Thumb Code     0  init.o(.text)
    BusFault_Handler                         0x0800073d   Thumb Code     2  stm32f4xx_it.o(i.BusFault_Handler)
    Control_function_left                    0x08000741   Thumb Code    84  control.o(i.Control_function_left)
    Control_function_right                   0x080007bd   Thumb Code    84  control.o(i.Control_function_right)
    DMA1_Stream5_IRQHandler                  0x08000839   Thumb Code     6  stm32f4xx_it.o(i.DMA1_Stream5_IRQHandler)
    DMA1_Stream6_IRQHandler                  0x08000845   Thumb Code     6  stm32f4xx_it.o(i.DMA1_Stream6_IRQHandler)
    DebugMon_Handler                         0x080008f5   Thumb Code     2  stm32f4xx_it.o(i.DebugMon_Handler)
    Error_Handler                            0x080008f7   Thumb Code     4  main.o(i.Error_Handler)
    GetTimEncoder_left                       0x080008fd   Thumb Code    18  encoder.o(i.GetTimEncoder_left)
    GetTimEncoder_right                      0x08000919   Thumb Code    18  encoder.o(i.GetTimEncoder_right)
    HAL_DMA_Abort                            0x08000935   Thumb Code   146  stm32f4xx_hal_dma.o(i.HAL_DMA_Abort)
    HAL_DMA_Abort_IT                         0x080009c7   Thumb Code    36  stm32f4xx_hal_dma.o(i.HAL_DMA_Abort_IT)
    HAL_DMA_IRQHandler                       0x080009ed   Thumb Code   412  stm32f4xx_hal_dma.o(i.HAL_DMA_IRQHandler)
    HAL_DMA_Init                             0x08000b8d   Thumb Code   206  stm32f4xx_hal_dma.o(i.HAL_DMA_Init)
    HAL_DMA_Start_IT                         0x08000c61   Thumb Code   110  stm32f4xx_hal_dma.o(i.HAL_DMA_Start_IT)
    HAL_Delay                                0x08000cd1   Thumb Code    32  stm32f4xx_hal.o(i.HAL_Delay)
    HAL_GPIO_Init                            0x08000cf5   Thumb Code   450  stm32f4xx_hal_gpio.o(i.HAL_GPIO_Init)
    HAL_GPIO_WritePin                        0x08000ee5   Thumb Code    10  stm32f4xx_hal_gpio.o(i.HAL_GPIO_WritePin)
    HAL_GetTick                              0x08000ef1   Thumb Code     6  stm32f4xx_hal.o(i.HAL_GetTick)
    HAL_IncTick                              0x08000efd   Thumb Code    12  stm32f4xx_hal.o(i.HAL_IncTick)
    HAL_Init                                 0x08000f0d   Thumb Code    48  stm32f4xx_hal.o(i.HAL_Init)
    HAL_InitTick                             0x08000f41   Thumb Code    54  stm32f4xx_hal.o(i.HAL_InitTick)
    HAL_MspInit                              0x08000f81   Thumb Code    42  stm32f4xx_hal_msp.o(i.HAL_MspInit)
    HAL_NVIC_EnableIRQ                       0x08000fb1   Thumb Code    26  stm32f4xx_hal_cortex.o(i.HAL_NVIC_EnableIRQ)
    HAL_NVIC_SetPriority                     0x08000fcd   Thumb Code    60  stm32f4xx_hal_cortex.o(i.HAL_NVIC_SetPriority)
    HAL_NVIC_SetPriorityGrouping             0x0800100d   Thumb Code    26  stm32f4xx_hal_cortex.o(i.HAL_NVIC_SetPriorityGrouping)
    HAL_RCC_ClockConfig                      0x08001031   Thumb Code   288  stm32f4xx_hal_rcc.o(i.HAL_RCC_ClockConfig)
    HAL_RCC_GetPCLK1Freq                     0x08001165   Thumb Code    20  stm32f4xx_hal_rcc.o(i.HAL_RCC_GetPCLK1Freq)
    HAL_RCC_GetPCLK2Freq                     0x08001185   Thumb Code    20  stm32f4xx_hal_rcc.o(i.HAL_RCC_GetPCLK2Freq)
    HAL_RCC_GetSysClockFreq                  0x080011a5   Thumb Code    88  stm32f4xx_hal_rcc.o(i.HAL_RCC_GetSysClockFreq)
    HAL_RCC_OscConfig                        0x08001205   Thumb Code   856  stm32f4xx_hal_rcc.o(i.HAL_RCC_OscConfig)
    HAL_SYSTICK_Config                       0x08001571   Thumb Code    40  stm32f4xx_hal_cortex.o(i.HAL_SYSTICK_Config)
    HAL_TIMEx_BreakCallback                  0x08001599   Thumb Code     2  stm32f4xx_hal_tim_ex.o(i.HAL_TIMEx_BreakCallback)
    HAL_TIMEx_CommutCallback                 0x0800159b   Thumb Code     2  stm32f4xx_hal_tim_ex.o(i.HAL_TIMEx_CommutCallback)
    HAL_TIMEx_MasterConfigSynchronization    0x0800159d   Thumb Code   116  stm32f4xx_hal_tim_ex.o(i.HAL_TIMEx_MasterConfigSynchronization)
    HAL_TIM_Base_Init                        0x0800162d   Thumb Code    90  stm32f4xx_hal_tim.o(i.HAL_TIM_Base_Init)
    HAL_TIM_Base_MspInit                     0x08001689   Thumb Code    76  tim.o(i.HAL_TIM_Base_MspInit)
    HAL_TIM_Base_Start_IT                    0x080016e1   Thumb Code   100  stm32f4xx_hal_tim.o(i.HAL_TIM_Base_Start_IT)
    HAL_TIM_ConfigClockSource                0x08001761   Thumb Code   220  stm32f4xx_hal_tim.o(i.HAL_TIM_ConfigClockSource)
    HAL_TIM_Encoder_Init                     0x0800183d   Thumb Code   164  stm32f4xx_hal_tim.o(i.HAL_TIM_Encoder_Init)
    HAL_TIM_Encoder_MspInit                  0x080018e1   Thumb Code   180  tim.o(i.HAL_TIM_Encoder_MspInit)
    HAL_TIM_Encoder_Start                    0x080019a5   Thumb Code   142  stm32f4xx_hal_tim.o(i.HAL_TIM_Encoder_Start)
    HAL_TIM_IC_CaptureCallback               0x08001a33   Thumb Code     2  stm32f4xx_hal_tim.o(i.HAL_TIM_IC_CaptureCallback)
    HAL_TIM_IRQHandler                       0x08001a35   Thumb Code   358  stm32f4xx_hal_tim.o(i.HAL_TIM_IRQHandler)
    HAL_TIM_MspPostInit                      0x08001b9d   Thumb Code    70  tim.o(i.HAL_TIM_MspPostInit)
    HAL_TIM_OC_DelayElapsedCallback          0x08001bf1   Thumb Code     2  stm32f4xx_hal_tim.o(i.HAL_TIM_OC_DelayElapsedCallback)
    HAL_TIM_PWM_ConfigChannel                0x08001bf3   Thumb Code   204  stm32f4xx_hal_tim.o(i.HAL_TIM_PWM_ConfigChannel)
    HAL_TIM_PWM_Init                         0x08001cbf   Thumb Code    90  stm32f4xx_hal_tim.o(i.HAL_TIM_PWM_Init)
    HAL_TIM_PWM_MspInit                      0x08001d19   Thumb Code     2  stm32f4xx_hal_tim.o(i.HAL_TIM_PWM_MspInit)
    HAL_TIM_PWM_PulseFinishedCallback        0x08001d1b   Thumb Code     2  stm32f4xx_hal_tim.o(i.HAL_TIM_PWM_PulseFinishedCallback)
    HAL_TIM_PWM_Start                        0x08001d1d   Thumb Code   172  stm32f4xx_hal_tim.o(i.HAL_TIM_PWM_Start)
    HAL_TIM_PeriodElapsedCallback            0x08001de5   Thumb Code     2  stm32f4xx_hal_tim.o(i.HAL_TIM_PeriodElapsedCallback)
    HAL_TIM_TriggerCallback                  0x08001de7   Thumb Code     2  stm32f4xx_hal_tim.o(i.HAL_TIM_TriggerCallback)
    HAL_UARTEx_RxEventCallback               0x08001de9   Thumb Code     2  stm32f4xx_hal_uart.o(i.HAL_UARTEx_RxEventCallback)
    HAL_UART_ErrorCallback                   0x08001deb   Thumb Code     2  stm32f4xx_hal_uart.o(i.HAL_UART_ErrorCallback)
    HAL_UART_IRQHandler                      0x08001ded   Thumb Code   610  stm32f4xx_hal_uart.o(i.HAL_UART_IRQHandler)
    HAL_UART_Init                            0x08002055   Thumb Code    98  stm32f4xx_hal_uart.o(i.HAL_UART_Init)
    HAL_UART_MspInit                         0x080020b9   Thumb Code   268  usart.o(i.HAL_UART_MspInit)
    HAL_UART_Receive_DMA                     0x080021e1   Thumb Code    42  stm32f4xx_hal_uart.o(i.HAL_UART_Receive_DMA)
    HAL_UART_RxCpltCallback                  0x0800220b   Thumb Code     2  stm32f4xx_hal_uart.o(i.HAL_UART_RxCpltCallback)
    HAL_UART_RxHalfCpltCallback              0x0800220d   Thumb Code     2  stm32f4xx_hal_uart.o(i.HAL_UART_RxHalfCpltCallback)
    HAL_UART_Transmit                        0x08002211   Thumb Code   178  stm32f4xx_hal_uart.o(i.HAL_UART_Transmit)
    HAL_UART_TxCpltCallback                  0x080022c3   Thumb Code     2  stm32f4xx_hal_uart.o(i.HAL_UART_TxCpltCallback)
    HardFault_Handler                        0x080022c5   Thumb Code     2  stm32f4xx_it.o(i.HardFault_Handler)
    Incremental_PI_left                      0x080022c9   Thumb Code   114  control.o(i.Incremental_PI_left)
    Incremental_PI_right                     0x0800234d   Thumb Code   114  control.o(i.Incremental_PI_right)
    Left_Moto                                0x080023d1   Thumb Code    52  motor.o(i.Left_Moto)
    MX_DMA_Init                              0x08002409   Thumb Code    56  dma.o(i.MX_DMA_Init)
    MX_GPIO_Init                             0x08002445   Thumb Code   116  gpio.o(i.MX_GPIO_Init)
    MX_TIM2_Init                             0x080024c1   Thumb Code   100  tim.o(i.MX_TIM2_Init)
    MX_TIM3_Init                             0x08002529   Thumb Code   100  tim.o(i.MX_TIM3_Init)
    MX_TIM4_Init                             0x08002595   Thumb Code   160  tim.o(i.MX_TIM4_Init)
    MX_TIM9_Init                             0x0800263d   Thumb Code    68  tim.o(i.MX_TIM9_Init)
    MX_USART1_UART_Init                      0x08002689   Thumb Code    48  usart.o(i.MX_USART1_UART_Init)
    MX_USART2_UART_Init                      0x080026c1   Thumb Code    48  usart.o(i.MX_USART2_UART_Init)
    MemManage_Handler                        0x080026f9   Thumb Code     2  stm32f4xx_it.o(i.MemManage_Handler)
    NMI_Handler                              0x080026fb   Thumb Code     2  stm32f4xx_it.o(i.NMI_Handler)
    PendSV_Handler                           0x080026fd   Thumb Code     2  stm32f4xx_it.o(i.PendSV_Handler)
    Right_Moto                               0x08002701   Thumb Code    52  motor.o(i.Right_Moto)
    SVC_Handler                              0x08002739   Thumb Code     2  stm32f4xx_it.o(i.SVC_Handler)
    Set_Pwm_left                             0x0800273d   Thumb Code    30  control.o(i.Set_Pwm_left)
    Set_Pwm_right                            0x08002761   Thumb Code    30  control.o(i.Set_Pwm_right)
    SysTick_Handler                          0x08002785   Thumb Code     4  stm32f4xx_it.o(i.SysTick_Handler)
    SystemClock_Config                       0x08002789   Thumb Code   140  main.o(i.SystemClock_Config)
    SystemInit                               0x0800281d   Thumb Code    12  system_stm32f4xx.o(i.SystemInit)
    TIM1_BRK_TIM9_IRQHandler                 0x0800282d   Thumb Code    56  stm32f4xx_it.o(i.TIM1_BRK_TIM9_IRQHandler)
    TIM_Base_SetConfig                       0x080028a9   Thumb Code   156  stm32f4xx_hal_tim.o(i.TIM_Base_SetConfig)
    TIM_CCxChannelCmd                        0x08002971   Thumb Code    26  stm32f4xx_hal_tim.o(i.TIM_CCxChannelCmd)
    TIM_ETR_SetConfig                        0x0800298b   Thumb Code    20  stm32f4xx_hal_tim.o(i.TIM_ETR_SetConfig)
    TIM_OC2_SetConfig                        0x08002a11   Thumb Code    98  stm32f4xx_hal_tim.o(i.TIM_OC2_SetConfig)
    UART_Start_Receive_DMA                   0x08002ea9   Thumb Code   130  stm32f4xx_hal_uart.o(i.UART_Start_Receive_DMA)
    USART2_IRQHandler                        0x08002fb1   Thumb Code     6  stm32f4xx_it.o(i.USART2_IRQHandler)
    UsageFault_Handler                       0x08002fbd   Thumb Code     2  stm32f4xx_it.o(i.UsageFault_Handler)
    __0printf$1                              0x08002fc1   Thumb Code    22  printf1.o(i.__0printf$1)
    __1printf$1                              0x08002fc1   Thumb Code     0  printf1.o(i.__0printf$1)
    __2printf                                0x08002fc1   Thumb Code     0  printf1.o(i.__0printf$1)
    __scatterload_copy                       0x08003001   Thumb Code    14  handlers.o(i.__scatterload_copy)
    __scatterload_null                       0x0800300f   Thumb Code     2  handlers.o(i.__scatterload_null)
    __scatterload_zeroinit                   0x08003011   Thumb Code    14  handlers.o(i.__scatterload_zeroinit)
    car_go_straight                          0x08003175   Thumb Code    48  motor.o(i.car_go_straight)
    encoder_speed                            0x080031a9   Thumb Code   252  main.o(i.encoder_speed)
    fputc                                    0x080032b5   Thumb Code    20  usart.o(i.fputc)
    limiting_I_left                          0x080032cd   Thumb Code    48  control.o(i.limiting_I_left)
    limiting_I_right                         0x08003309   Thumb Code    48  control.o(i.limiting_I_right)
    limiting_Pwm_left                        0x08003345   Thumb Code    24  control.o(i.limiting_Pwm_left)
    limiting_Pwm_right                       0x08003361   Thumb Code    24  control.o(i.limiting_Pwm_right)
    limiting_target_rpm_left                 0x0800337d   Thumb Code    28  main.o(i.limiting_target_rpm_left)
    limiting_target_rpm_right                0x0800339d   Thumb Code    28  main.o(i.limiting_target_rpm_right)
    main                                     0x080033bd   Thumb Code   112  main.o(i.main)
    myabs                                    0x08003449   Thumb Code     8  control.o(i.myabs)
    recieve                                  0x08003451   Thumb Code    18  main.o(i.recieve)
    AHBPrescTable                            0x08003470   Data          16  system_stm32f4xx.o(.constdata)
    APBPrescTable                            0x08003480   Data           8  system_stm32f4xx.o(.constdata)
    Region$$Table$$Base                      0x08003488   Number         0  anon$$obj.o(Region$$Table)
    Region$$Table$$Limit                     0x080034a8   Number         0  anon$$obj.o(Region$$Table)
    iTimerEncoder_right                      0x20000000   Data           4  encoder.o(.data)
    Bias_left                                0x2000001c   Data           4  control.o(.data)
    Bias_right                               0x20000020   Data           4  control.o(.data)
    data_length                              0x20000024   Data           4  main.o(.data)
    target_rpm_right_origin                  0x20000028   Data           4  main.o(.data)
    target_rpm_left_origin                   0x2000002c   Data           4  main.o(.data)
    target_rpm_right                         0x20000030   Data           4  main.o(.data)
    target_rpm_left                          0x20000034   Data           4  main.o(.data)
    rmp_base                                 0x20000038   Data           4  main.o(.data)
    rmp_left                                 0x2000003c   Data           4  main.o(.data)
    rmp_right                                0x20000040   Data           4  main.o(.data)
    USART_TX_BUF                             0x20000044   Data           7  main.o(.data)
    Velocity_KP                              0x2000004c   Data           4  main.o(.data)
    Velocity_KI                              0x20000050   Data           4  main.o(.data)
    Moto_pwm_left                            0x20000054   Data           4  main.o(.data)
    Moto_pwm_right                           0x20000058   Data           4  main.o(.data)
    Encoder_count_left                       0x2000005c   Data           4  main.o(.data)
    Encoder_count_right                      0x20000060   Data           4  main.o(.data)
    Target_Velocity_left                     0x20000064   Data           4  main.o(.data)
    Target_Velocity_right                    0x20000068   Data           4  main.o(.data)
    Velocity_KD                              0x2000006c   Data           4  main.o(.data)
    __stdout                                 0x20000070   Data           4  usart.o(.data)
    uwTickFreq                               0x20000074   Data           1  stm32f4xx_hal.o(.data)
    uwTickPrio                               0x20000078   Data           4  stm32f4xx_hal.o(.data)
    uwTick                                   0x2000007c   Data           4  stm32f4xx_hal.o(.data)
    SystemCoreClock                          0x20000080   Data           4  system_stm32f4xx.o(.data)
    receive_buff                             0x20000084   Data         255  main.o(.bss)
    rec_data                                 0x20000184   Data          12  main.o(.bss)
    htim2                                    0x20000190   Data          72  tim.o(.bss)
    htim3                                    0x200001d8   Data          72  tim.o(.bss)
    htim4                                    0x20000220   Data          72  tim.o(.bss)
    htim9                                    0x20000268   Data          72  tim.o(.bss)
    huart1                                   0x200002b0   Data          68  usart.o(.bss)
    huart2                                   0x200002f4   Data          68  usart.o(.bss)
    hdma_usart2_rx                           0x20000338   Data          96  usart.o(.bss)
    hdma_usart2_tx                           0x20000398   Data          96  usart.o(.bss)
    __initial_sp                             0x200007f8   Data           0  startup_stm32f407xx.o(STACK)



==============================================================================

Memory Map of the image

  Image Entry point : 0x08000189

  Load Region LR_IROM1 (Base: 0x08000000, Size: 0x0000352c, Max: 0x00080000, ABSOLUTE)

    Execution Region ER_IROM1 (Base: 0x08000000, Size: 0x000034a8, Max: 0x00080000, ABSOLUTE)

    Base Addr    Size         Type   Attr      Idx    E Section Name        Object

    0x08000000   0x00000188   Data   RO            3    RESET               startup_stm32f407xx.o
    0x08000188   0x00000000   Code   RO         3240  * .ARM.Collect$$$$00000000  mc_w.l(entry.o)
    0x08000188   0x00000004   Code   RO         3520    .ARM.Collect$$$$00000001  mc_w.l(entry2.o)
    0x0800018c   0x00000004   Code   RO         3523    .ARM.Collect$$$$00000004  mc_w.l(entry5.o)
    0x08000190   0x00000000   Code   RO         3525    .ARM.Collect$$$$00000008  mc_w.l(entry7b.o)
    0x08000190   0x00000000   Code   RO         3527    .ARM.Collect$$$$0000000A  mc_w.l(entry8b.o)
    0x08000190   0x00000008   Code   RO         3528    .ARM.Collect$$$$0000000B  mc_w.l(entry9a.o)
    0x08000198   0x00000000   Code   RO         3530    .ARM.Collect$$$$0000000D  mc_w.l(entry10a.o)
    0x08000198   0x00000000   Code   RO         3532    .ARM.Collect$$$$0000000F  mc_w.l(entry11a.o)
    0x08000198   0x00000004   Code   RO         3521    .ARM.Collect$$$$00002712  mc_w.l(entry2.o)
    0x0800019c   0x00000024   Code   RO            4    .text               startup_stm32f407xx.o
    0x080001c0   0x00000062   Code   RO         3243    .text               mc_w.l(uldiv.o)
    0x08000222   0x00000024   Code   RO         3245    .text               mc_w.l(memseta.o)
    0x08000246   0x0000014e   Code   RO         3508    .text               mf_w.l(dadd.o)
    0x08000394   0x000000e4   Code   RO         3510    .text               mf_w.l(dmul.o)
    0x08000478   0x000000de   Code   RO         3512    .text               mf_w.l(ddiv.o)
    0x08000556   0x00000022   Code   RO         3514    .text               mf_w.l(dflti.o)
    0x08000578   0x0000001a   Code   RO         3516    .text               mf_w.l(dfltui.o)
    0x08000592   0x0000003e   Code   RO         3518    .text               mf_w.l(dfixi.o)
    0x080005d0   0x0000002c   Code   RO         3534    .text               mc_w.l(uidiv.o)
    0x080005fc   0x0000001e   Code   RO         3536    .text               mc_w.l(llshl.o)
    0x0800061a   0x00000020   Code   RO         3538    .text               mc_w.l(llushr.o)
    0x0800063a   0x00000024   Code   RO         3540    .text               mc_w.l(llsshr.o)
    0x0800065e   0x00000000   Code   RO         3542    .text               mc_w.l(iusefp.o)
    0x0800065e   0x000000ba   Code   RO         3543    .text               mf_w.l(depilogue.o)
    0x08000718   0x00000024   Code   RO         3549    .text               mc_w.l(init.o)
    0x0800073c   0x00000002   Code   RO          619    i.BusFault_Handler  stm32f4xx_it.o
    0x0800073e   0x00000002   PAD
    0x08000740   0x0000007c   Code   RO          214    i.Control_function_left  control.o
    0x080007bc   0x0000007c   Code   RO          215    i.Control_function_right  control.o
    0x08000838   0x0000000c   Code   RO          620    i.DMA1_Stream5_IRQHandler  stm32f4xx_it.o
    0x08000844   0x0000000c   Code   RO          621    i.DMA1_Stream6_IRQHandler  stm32f4xx_it.o
    0x08000850   0x00000028   Code   RO         2175    i.DMA_CalcBaseAndBitshift  stm32f4xx_hal_dma.o
    0x08000878   0x00000054   Code   RO         2176    i.DMA_CheckFifoParam  stm32f4xx_hal_dma.o
    0x080008cc   0x00000028   Code   RO         2177    i.DMA_SetConfig     stm32f4xx_hal_dma.o
    0x080008f4   0x00000002   Code   RO          622    i.DebugMon_Handler  stm32f4xx_it.o
    0x080008f6   0x00000004   Code   RO          300    i.Error_Handler     main.o
    0x080008fa   0x00000002   PAD
    0x080008fc   0x0000001c   Code   RO          173    i.GetTimEncoder_left  encoder.o
    0x08000918   0x0000001c   Code   RO          174    i.GetTimEncoder_right  encoder.o
    0x08000934   0x00000092   Code   RO         2178    i.HAL_DMA_Abort     stm32f4xx_hal_dma.o
    0x080009c6   0x00000024   Code   RO         2179    i.HAL_DMA_Abort_IT  stm32f4xx_hal_dma.o
    0x080009ea   0x00000002   PAD
    0x080009ec   0x000001a0   Code   RO         2183    i.HAL_DMA_IRQHandler  stm32f4xx_hal_dma.o
    0x08000b8c   0x000000d4   Code   RO         2184    i.HAL_DMA_Init      stm32f4xx_hal_dma.o
    0x08000c60   0x0000006e   Code   RO         2188    i.HAL_DMA_Start_IT  stm32f4xx_hal_dma.o
    0x08000cce   0x00000002   PAD
    0x08000cd0   0x00000024   Code   RO         2597    i.HAL_Delay         stm32f4xx_hal.o
    0x08000cf4   0x000001f0   Code   RO         2071    i.HAL_GPIO_Init     stm32f4xx_hal_gpio.o
    0x08000ee4   0x0000000a   Code   RO         2075    i.HAL_GPIO_WritePin  stm32f4xx_hal_gpio.o
    0x08000eee   0x00000002   PAD
    0x08000ef0   0x0000000c   Code   RO         2603    i.HAL_GetTick       stm32f4xx_hal.o
    0x08000efc   0x00000010   Code   RO         2609    i.HAL_IncTick       stm32f4xx_hal.o
    0x08000f0c   0x00000034   Code   RO         2610    i.HAL_Init          stm32f4xx_hal.o
    0x08000f40   0x00000040   Code   RO         2611    i.HAL_InitTick      stm32f4xx_hal.o
    0x08000f80   0x00000030   Code   RO          719    i.HAL_MspInit       stm32f4xx_hal_msp.o
    0x08000fb0   0x0000001a   Code   RO         2460    i.HAL_NVIC_EnableIRQ  stm32f4xx_hal_cortex.o
    0x08000fca   0x00000002   PAD
    0x08000fcc   0x00000040   Code   RO         2466    i.HAL_NVIC_SetPriority  stm32f4xx_hal_cortex.o
    0x0800100c   0x00000024   Code   RO         2467    i.HAL_NVIC_SetPriorityGrouping  stm32f4xx_hal_cortex.o
    0x08001030   0x00000134   Code   RO         1717    i.HAL_RCC_ClockConfig  stm32f4xx_hal_rcc.o
    0x08001164   0x00000020   Code   RO         1724    i.HAL_RCC_GetPCLK1Freq  stm32f4xx_hal_rcc.o
    0x08001184   0x00000020   Code   RO         1725    i.HAL_RCC_GetPCLK2Freq  stm32f4xx_hal_rcc.o
    0x080011a4   0x00000060   Code   RO         1726    i.HAL_RCC_GetSysClockFreq  stm32f4xx_hal_rcc.o
    0x08001204   0x0000036c   Code   RO         1729    i.HAL_RCC_OscConfig  stm32f4xx_hal_rcc.o
    0x08001570   0x00000028   Code   RO         2471    i.HAL_SYSTICK_Config  stm32f4xx_hal_cortex.o
    0x08001598   0x00000002   Code   RO         1449    i.HAL_TIMEx_BreakCallback  stm32f4xx_hal_tim_ex.o
    0x0800159a   0x00000002   Code   RO         1450    i.HAL_TIMEx_CommutCallback  stm32f4xx_hal_tim_ex.o
    0x0800159c   0x00000090   Code   RO         1468    i.HAL_TIMEx_MasterConfigSynchronization  stm32f4xx_hal_tim_ex.o
    0x0800162c   0x0000005a   Code   RO          745    i.HAL_TIM_Base_Init  stm32f4xx_hal_tim.o
    0x08001686   0x00000002   PAD
    0x08001688   0x00000058   Code   RO          471    i.HAL_TIM_Base_MspInit  tim.o
    0x080016e0   0x00000080   Code   RO          750    i.HAL_TIM_Base_Start_IT  stm32f4xx_hal_tim.o
    0x08001760   0x000000dc   Code   RO          754    i.HAL_TIM_ConfigClockSource  stm32f4xx_hal_tim.o
    0x0800183c   0x000000a4   Code   RO          766    i.HAL_TIM_Encoder_Init  stm32f4xx_hal_tim.o
    0x080018e0   0x000000c4   Code   RO          473    i.HAL_TIM_Encoder_MspInit  tim.o
    0x080019a4   0x0000008e   Code   RO          769    i.HAL_TIM_Encoder_Start  stm32f4xx_hal_tim.o
    0x08001a32   0x00000002   Code   RO          779    i.HAL_TIM_IC_CaptureCallback  stm32f4xx_hal_tim.o
    0x08001a34   0x00000166   Code   RO          793    i.HAL_TIM_IRQHandler  stm32f4xx_hal_tim.o
    0x08001b9a   0x00000002   PAD
    0x08001b9c   0x00000054   Code   RO          474    i.HAL_TIM_MspPostInit  tim.o
    0x08001bf0   0x00000002   Code   RO          796    i.HAL_TIM_OC_DelayElapsedCallback  stm32f4xx_hal_tim.o
    0x08001bf2   0x000000cc   Code   RO          817    i.HAL_TIM_PWM_ConfigChannel  stm32f4xx_hal_tim.o
    0x08001cbe   0x0000005a   Code   RO          820    i.HAL_TIM_PWM_Init  stm32f4xx_hal_tim.o
    0x08001d18   0x00000002   Code   RO          822    i.HAL_TIM_PWM_MspInit  stm32f4xx_hal_tim.o
    0x08001d1a   0x00000002   Code   RO          823    i.HAL_TIM_PWM_PulseFinishedCallback  stm32f4xx_hal_tim.o
    0x08001d1c   0x000000c8   Code   RO          825    i.HAL_TIM_PWM_Start  stm32f4xx_hal_tim.o
    0x08001de4   0x00000002   Code   RO          831    i.HAL_TIM_PeriodElapsedCallback  stm32f4xx_hal_tim.o
    0x08001de6   0x00000002   Code   RO          836    i.HAL_TIM_TriggerCallback  stm32f4xx_hal_tim.o
    0x08001de8   0x00000002   Code   RO         2859    i.HAL_UARTEx_RxEventCallback  stm32f4xx_hal_uart.o
    0x08001dea   0x00000002   Code   RO         2873    i.HAL_UART_ErrorCallback  stm32f4xx_hal_uart.o
    0x08001dec   0x00000268   Code   RO         2876    i.HAL_UART_IRQHandler  stm32f4xx_hal_uart.o
    0x08002054   0x00000062   Code   RO         2877    i.HAL_UART_Init     stm32f4xx_hal_uart.o
    0x080020b6   0x00000002   PAD
    0x080020b8   0x00000128   Code   RO          549    i.HAL_UART_MspInit  usart.o
    0x080021e0   0x0000002a   Code   RO         2881    i.HAL_UART_Receive_DMA  stm32f4xx_hal_uart.o
    0x0800220a   0x00000002   Code   RO         2883    i.HAL_UART_RxCpltCallback  stm32f4xx_hal_uart.o
    0x0800220c   0x00000002   Code   RO         2884    i.HAL_UART_RxHalfCpltCallback  stm32f4xx_hal_uart.o
    0x0800220e   0x00000002   PAD
    0x08002210   0x000000b2   Code   RO         2885    i.HAL_UART_Transmit  stm32f4xx_hal_uart.o
    0x080022c2   0x00000002   Code   RO         2888    i.HAL_UART_TxCpltCallback  stm32f4xx_hal_uart.o
    0x080022c4   0x00000002   Code   RO          623    i.HardFault_Handler  stm32f4xx_it.o
    0x080022c6   0x00000002   PAD
    0x080022c8   0x00000084   Code   RO          216    i.Incremental_PI_left  control.o
    0x0800234c   0x00000084   Code   RO          217    i.Incremental_PI_right  control.o
    0x080023d0   0x00000038   Code   RO           13    i.Left_Moto         motor.o
    0x08002408   0x0000003c   Code   RO          446    i.MX_DMA_Init       dma.o
    0x08002444   0x0000007c   Code   RO          422    i.MX_GPIO_Init      gpio.o
    0x080024c0   0x00000068   Code   RO          475    i.MX_TIM2_Init      tim.o
    0x08002528   0x0000006c   Code   RO          476    i.MX_TIM3_Init      tim.o
    0x08002594   0x000000a8   Code   RO          477    i.MX_TIM4_Init      tim.o
    0x0800263c   0x0000004c   Code   RO          478    i.MX_TIM9_Init      tim.o
    0x08002688   0x00000038   Code   RO          550    i.MX_USART1_UART_Init  usart.o
    0x080026c0   0x00000038   Code   RO          551    i.MX_USART2_UART_Init  usart.o
    0x080026f8   0x00000002   Code   RO          624    i.MemManage_Handler  stm32f4xx_it.o
    0x080026fa   0x00000002   Code   RO          625    i.NMI_Handler       stm32f4xx_it.o
    0x080026fc   0x00000002   Code   RO          626    i.PendSV_Handler    stm32f4xx_it.o
    0x080026fe   0x00000002   PAD
    0x08002700   0x00000038   Code   RO           14    i.Right_Moto        motor.o
    0x08002738   0x00000002   Code   RO          627    i.SVC_Handler       stm32f4xx_it.o
    0x0800273a   0x00000002   PAD
    0x0800273c   0x00000024   Code   RO          218    i.Set_Pwm_left      control.o
    0x08002760   0x00000024   Code   RO          219    i.Set_Pwm_right     control.o
    0x08002784   0x00000004   Code   RO          628    i.SysTick_Handler   stm32f4xx_it.o
    0x08002788   0x00000094   Code   RO          304    i.SystemClock_Config  main.o
    0x0800281c   0x00000010   Code   RO         3206    i.SystemInit        system_stm32f4xx.o
    0x0800282c   0x0000007c   Code   RO          629    i.TIM1_BRK_TIM9_IRQHandler  stm32f4xx_it.o
    0x080028a8   0x000000c8   Code   RO          838    i.TIM_Base_SetConfig  stm32f4xx_hal_tim.o
    0x08002970   0x0000001a   Code   RO          839    i.TIM_CCxChannelCmd  stm32f4xx_hal_tim.o
    0x0800298a   0x00000014   Code   RO          849    i.TIM_ETR_SetConfig  stm32f4xx_hal_tim.o
    0x0800299e   0x00000010   Code   RO          850    i.TIM_ITRx_SetConfig  stm32f4xx_hal_tim.o
    0x080029ae   0x00000002   PAD
    0x080029b0   0x00000060   Code   RO          851    i.TIM_OC1_SetConfig  stm32f4xx_hal_tim.o
    0x08002a10   0x0000006c   Code   RO          852    i.TIM_OC2_SetConfig  stm32f4xx_hal_tim.o
    0x08002a7c   0x00000068   Code   RO          853    i.TIM_OC3_SetConfig  stm32f4xx_hal_tim.o
    0x08002ae4   0x00000050   Code   RO          854    i.TIM_OC4_SetConfig  stm32f4xx_hal_tim.o
    0x08002b34   0x00000022   Code   RO          856    i.TIM_TI1_ConfigInputStage  stm32f4xx_hal_tim.o
    0x08002b56   0x00000024   Code   RO          858    i.TIM_TI2_ConfigInputStage  stm32f4xx_hal_tim.o
    0x08002b7a   0x00000010   Code   RO         2890    i.UART_DMAAbortOnError  stm32f4xx_hal_uart.o
    0x08002b8a   0x0000004a   Code   RO         2891    i.UART_DMAError     stm32f4xx_hal_uart.o
    0x08002bd4   0x00000082   Code   RO         2892    i.UART_DMAReceiveCplt  stm32f4xx_hal_uart.o
    0x08002c56   0x0000001a   Code   RO         2894    i.UART_DMARxHalfCplt  stm32f4xx_hal_uart.o
    0x08002c70   0x0000004e   Code   RO         2900    i.UART_EndRxTransfer  stm32f4xx_hal_uart.o
    0x08002cbe   0x0000001c   Code   RO         2901    i.UART_EndTxTransfer  stm32f4xx_hal_uart.o
    0x08002cda   0x000000c0   Code   RO         2902    i.UART_Receive_IT   stm32f4xx_hal_uart.o
    0x08002d9a   0x00000002   PAD
    0x08002d9c   0x0000010c   Code   RO         2903    i.UART_SetConfig    stm32f4xx_hal_uart.o
    0x08002ea8   0x00000090   Code   RO         2904    i.UART_Start_Receive_DMA  stm32f4xx_hal_uart.o
    0x08002f38   0x00000078   Code   RO         2906    i.UART_WaitOnFlagUntilTimeout  stm32f4xx_hal_uart.o
    0x08002fb0   0x0000000c   Code   RO          630    i.USART2_IRQHandler  stm32f4xx_it.o
    0x08002fbc   0x00000002   Code   RO          631    i.UsageFault_Handler  stm32f4xx_it.o
    0x08002fbe   0x00000002   PAD
    0x08002fc0   0x00000020   Code   RO         3292    i.__0printf$1       mc_w.l(printf1.o)
    0x08002fe0   0x00000020   Code   RO         2473    i.__NVIC_SetPriority  stm32f4xx_hal_cortex.o
    0x08003000   0x0000000e   Code   RO         3553    i.__scatterload_copy  mc_w.l(handlers.o)
    0x0800300e   0x00000002   Code   RO         3554    i.__scatterload_null  mc_w.l(handlers.o)
    0x08003010   0x0000000e   Code   RO         3555    i.__scatterload_zeroinit  mc_w.l(handlers.o)
    0x0800301e   0x00000002   PAD
    0x08003020   0x00000154   Code   RO         3299    i._printf_core      mc_w.l(printf1.o)
    0x08003174   0x00000034   Code   RO           19    i.car_go_straight   motor.o
    0x080031a8   0x0000010c   Code   RO          306    i.encoder_speed     main.o
    0x080032b4   0x00000018   Code   RO          554    i.fputc             usart.o
    0x080032cc   0x0000003c   Code   RO          220    i.limiting_I_left   control.o
    0x08003308   0x0000003c   Code   RO          221    i.limiting_I_right  control.o
    0x08003344   0x0000001c   Code   RO          222    i.limiting_Pwm_left  control.o
    0x08003360   0x0000001c   Code   RO          223    i.limiting_Pwm_right  control.o
    0x0800337c   0x00000020   Code   RO          307    i.limiting_target_rpm_left  main.o
    0x0800339c   0x00000020   Code   RO          308    i.limiting_target_rpm_right  main.o
    0x080033bc   0x0000008c   Code   RO          309    i.main              main.o
    0x08003448   0x00000008   Code   RO          224    i.myabs             control.o
    0x08003450   0x00000018   Code   RO          310    i.recieve           main.o
    0x08003468   0x00000008   Data   RO         2190    .constdata          stm32f4xx_hal_dma.o
    0x08003470   0x00000010   Data   RO         3207    .constdata          system_stm32f4xx.o
    0x08003480   0x00000008   Data   RO         3208    .constdata          system_stm32f4xx.o
    0x08003488   0x00000020   Data   RO         3551    Region$$Table       anon$$obj.o


    Execution Region RW_IRAM1 (Base: 0x20000000, Size: 0x000007f8, Max: 0x00020000, ABSOLUTE)

    Base Addr    Size         Type   Attr      Idx    E Section Name        Object

    0x20000000   0x00000004   Data   RW          176    .data               encoder.o
    0x20000004   0x00000020   Data   RW          225    .data               control.o
    0x20000024   0x00000027   Data   RW          313    .data               main.o
    0x2000004b   0x00000001   PAD
    0x2000004c   0x00000004   Data   RW          315    .data               main.o
    0x20000050   0x00000004   Data   RW          316    .data               main.o
    0x20000054   0x00000004   Data   RW          317    .data               main.o
    0x20000058   0x00000004   Data   RW          318    .data               main.o
    0x2000005c   0x00000004   Data   RW          319    .data               main.o
    0x20000060   0x00000004   Data   RW          320    .data               main.o
    0x20000064   0x00000004   Data   RW          321    .data               main.o
    0x20000068   0x00000004   Data   RW          322    .data               main.o
    0x2000006c   0x00000004   Data   RW          323    .data               main.o
    0x20000070   0x00000004   Data   RW          556    .data               usart.o
    0x20000074   0x0000000c   Data   RW         2617    .data               stm32f4xx_hal.o
    0x20000080   0x00000004   Data   RW         3209    .data               system_stm32f4xx.o
    0x20000084   0x0000010c   Zero   RW          312    .bss                main.o
    0x20000190   0x00000120   Zero   RW          479    .bss                tim.o
    0x200002b0   0x00000148   Zero   RW          555    .bss                usart.o
    0x200003f8   0x00000400   Zero   RW            1    STACK               startup_stm32f407xx.o


==============================================================================

Image component sizes


      Code (inc. data)   RO Data    RW Data    ZI Data      Debug   Object Name

       768        160          0         32          0       6914   control.o
        60          4          0          0          0        778   dma.o
        56         20          0          4          0       1272   encoder.o
       124          8          0          0          0        947   gpio.o
       648         66          0         75        268       5659   main.o
       164         12          0          0          0     691199   motor.o
        36          8        392          0       1024        832   startup_stm32f407xx.o
       180         28          0         12          0       9321   stm32f4xx_hal.o
       198         14          0          0          0      33579   stm32f4xx_hal_cortex.o
      1084         16          8          0          0       6534   stm32f4xx_hal_dma.o
       506         46          0          0          0       2008   stm32f4xx_hal_gpio.o
        48          6          0          0          0        850   stm32f4xx_hal_msp.o
      1344         72          0          0          0       5012   stm32f4xx_hal_rcc.o
      2328        136          0          0          0      18045   stm32f4xx_hal_tim.o
       148         28          0          0          0       2397   stm32f4xx_hal_tim_ex.o
      2020         30          0          0          0      13862   stm32f4xx_hal_uart.o
       180         86          0          0          0       6161   stm32f4xx_it.o
        16          4         24          4          0       1123   system_stm32f4xx.o
       824         70          0          0        288       5097   tim.o
       432         48          0          4        328       4381   usart.o

    ----------------------------------------------------------------------
     11196        862        456        132       1908     815971   Object Totals
         0          0         32          0          0          0   (incl. Generated)
        32          0          0          1          0          0   (incl. Padding)

    ----------------------------------------------------------------------

      Code (inc. data)   RO Data    RW Data    ZI Data      Debug   Library Member Name

         0          0          0          0          0          0   entry.o
         0          0          0          0          0          0   entry10a.o
         0          0          0          0          0          0   entry11a.o
         8          4          0          0          0          0   entry2.o
         4          0          0          0          0          0   entry5.o
         0          0          0          0          0          0   entry7b.o
         0          0          0          0          0          0   entry8b.o
         8          4          0          0          0          0   entry9a.o
        30          0          0          0          0          0   handlers.o
        36          8          0          0          0         68   init.o
         0          0          0          0          0          0   iusefp.o
        30          0          0          0          0         68   llshl.o
        36          0          0          0          0         68   llsshr.o
        32          0          0          0          0         68   llushr.o
        36          0          0          0          0        108   memseta.o
       372         14          0          0          0        184   printf1.o
        44          0          0          0          0         80   uidiv.o
        98          0          0          0          0         92   uldiv.o
       334          0          0          0          0        148   dadd.o
       222          0          0          0          0        100   ddiv.o
       186          0          0          0          0        176   depilogue.o
        62          0          0          0          0         80   dfixi.o
        34          0          0          0          0         76   dflti.o
        26          0          0          0          0         76   dfltui.o
       228          0          0          0          0         96   dmul.o

    ----------------------------------------------------------------------
      1828         30          0          0          0       1488   Library Totals
         2          0          0          0          0          0   (incl. Padding)

    ----------------------------------------------------------------------

      Code (inc. data)   RO Data    RW Data    ZI Data      Debug   Library Name

       734         30          0          0          0        736   mc_w.l
      1092          0          0          0          0        752   mf_w.l

    ----------------------------------------------------------------------
      1828         30          0          0          0       1488   Library Totals

    ----------------------------------------------------------------------

==============================================================================


      Code (inc. data)   RO Data    RW Data    ZI Data      Debug   

     13024        892        456        132       1908     805635   Grand Totals
     13024        892        456        132       1908     805635   ELF Image Totals
     13024        892        456        132          0          0   ROM Totals

==============================================================================

    Total RO  Size (Code + RO Data)                13480 (  13.16kB)
    Total RW  Size (RW Data + ZI Data)              2040 (   1.99kB)
    Total ROM Size (Code + RO Data + RW Data)      13612 (  13.29kB)

==============================================================================

