<html>
<body>
<pre>
<h1>µVision Build Log</h1>
<h2>Tool Versions:</h2>
IDE-Version: ¦ÌVision V5.14.0.0
Copyright (C) 2015 ARM Ltd and ARM Germany GmbH. All rights reserved.
License Information: k lenovo, k, LIC=EPPCX-H3FEW-EYFVT-RV2B7-P31TB-GQMEB
 
Tool Versions:
Toolchain:       MDK-ARM Professional  Version: 5.14.0.0
Toolchain Path:  C:\Keil_v5\ARM\ARMCC\Bin
C Compiler:      Armcc.exe V5.05 update 1 (build 106)
Assembler:       Armasm.exe V5.05 update 1 (build 106)
Linker/Locator:  ArmLink.exe V5.05 update 1 (build 106)
Library Manager: ArmAr.exe V5.05 update 1 (build 106)
Hex Converter:   FromElf.exe V5.05 update 1 (build 106)
CPU DLL:         SARMCM3.DLL V5.14.0.0
Dialog DLL:      DCM.DLL V1.13.1.0
Target DLL:      Segger\JL2CM3.dll V2.99.13.0
Dialog DLL:      TCM.DLL V1.14.4.0
 
<h2>Project:</h2>
D:\STM32HAL project_Keil\car_xunji\MDK-ARM\car.uvprojx
Project File Date:  07/06/2024

<h2>Output:</h2>
Build target 'car'
compiling stm32f4xx_it.c...
../Core/Inc/encoder.h(10): warning:  #1-D: last line of file ends without a newline
  #endif
../Core/Inc/control.h(24): warning:  #1-D: last line of file ends without a newline
  #endif
../Core/Src/stm32f4xx_it.c(249): warning:  #550-D: variable "rmp_left" was set but never used
        float rmp_left,rmp_right;
../Core/Src/stm32f4xx_it.c(249): warning:  #550-D: variable "rmp_right" was set but never used
        float rmp_left,rmp_right;
../Core/Src/stm32f4xx_it.c: 4 warnings, 0 errors
linking...
Program Size: Code=13024 RO-data=456 RW-data=132 ZI-data=1908  
FromELF: creating hex file...
"car\car.axf" - 0 Error(s), 4 Warning(s).

<h2>Software Packages used:</h2>

Package Vendor: ARM
                http://www.keil.com/pack/ARM.CMSIS.4.2.0.pack
                ARM::CMSIS:CORE:3.40.0
                CMSIS (Cortex Microcontroller Software Interface Standard)
   * Component: CORE Version: 3.40.0

<h2>Collection of Component include folders:</h2>
  D:\STM32HAL project_Keil\car_xunji\MDK-ARM\RTE
  C:\Keil_v5\ARM\PACK\ARM\CMSIS\4.2.0\CMSIS\Include
  C:\Keil_v5\ARM\PACK\Keil\STM32F4xx_DFP\1.0.8\Device\Include

<h2>Collection of Component Files used:</h2>

   * Component: ARM::CMSIS:CORE:3.40.0
      Source file:   CMSIS\UserCodeTemplates\ARM\ITM_Retarget.c
</pre>
</body>
</html>
